Component: ARM Compiler 5.06 update 7 (build 960) Tool: armlink [4d3601]

==============================================================================

Section Cross References

    main.o(i.main) refers to ecum.o(i.EcuM_Init) for EcuM_Init
    intp.o(i.INTP_Init) refers to gpio.o(i.assert_failed) for assert_failed
    uart.o(i.UART0_Init) refers to gpio.o(i.assert_failed) for assert_failed
    uart.o(i.UART1_Init) refers to gpio.o(i.assert_failed) for assert_failed
    uart.o(i.UART2_Init) refers to gpio.o(i.assert_failed) for assert_failed
    uart.o(i.UART_ClearFlag) refers to gpio.o(i.assert_failed) for assert_failed
    uart.o(i.UART_ClearFlag) refers to sci_common.o(i.SCI_ClearFlag) for SCI_ClearFlag
    uart.o(i.UART_Cmd) refers to gpio.o(i.assert_failed) for assert_failed
    uart.o(i.UART_Cmd) refers to uart.o(i.UART_Start) for UART_Start
    uart.o(i.UART_Cmd) refers to uart.o(i.UART_Stop) for UART_Stop
    uart.o(i.UART_DeInit) refers to gpio.o(i.assert_failed) for assert_failed
    uart.o(i.UART_DeInit) refers to sci_common.o(i.SCIChannel_Alloca) for SCIChannel_Alloca
    uart.o(i.UART_DeInit) refers to cgc.o(i.CGC_PER0PeriphClockCmd) for CGC_PER0PeriphClockCmd
    uart.o(i.UART_DeInit) refers to sci_common.o(i.SCIChannel_Free) for SCIChannel_Free
    uart.o(i.UART_GetErrStaus) refers to gpio.o(i.assert_failed) for assert_failed
    uart.o(i.UART_GetErrStaus) refers to sci_common.o(i.SCI_GetErrStaus) for SCI_GetErrStaus
    uart.o(i.UART_GetFlagStatus) refers to gpio.o(i.assert_failed) for assert_failed
    uart.o(i.UART_GetFlagStatus) refers to sci_common.o(i.SCI_GetFlagStatus) for SCI_GetFlagStatus
    uart.o(i.UART_GetSysClock) refers to cgc.o(.data) for USE_HSE_SYSTYEM_CLOCK
    uart.o(i.UART_GetSysClock) refers to system_bat32a237.o(.data) for SystemCoreClock
    uart.o(i.UART_Init) refers to sci_common.o(i.SCIChannel_Alloca) for SCIChannel_Alloca
    uart.o(i.UART_Init) refers to cgc.o(i.CGC_PER0PeriphClockCmd) for CGC_PER0PeriphClockCmd
    uart.o(i.UART_Init) refers to uart.o(i.UART_GetSysClock) for UART_GetSysClock
    uart.o(i.UART_Init) refers to sci_common.o(i.SCIPeriphal_ClockUpdate) for SCIPeriphal_ClockUpdate
    uart.o(i.UART_Init) refers to frlef.o(x$fpl$frleqf) for __aeabi_cfrcmple
    uart.o(i.UART_Init) refers to uart.o(i.UART0_Init) for UART0_Init
    uart.o(i.UART_Init) refers to uart.o(i.UART1_Init) for UART1_Init
    uart.o(i.UART_Init) refers to uart.o(i.UART2_Init) for UART2_Init
    uart.o(i.UART_ReceiveByte) refers to uart.o(i.UART_GetFlagStatus) for UART_GetFlagStatus
    uart.o(i.UART_SendByte) refers to uart.o(i.UART_GetFlagStatus) for UART_GetFlagStatus
    sci_common.o(i.Alloc_ChannelFlag) refers to gpio.o(i.assert_failed) for assert_failed
    sci_common.o(i.Alloc_ChannelFlag) refers to sci_common.o(.data) for SCI_ChxStat
    sci_common.o(i.Free_ChannelFlag) refers to gpio.o(i.assert_failed) for assert_failed
    sci_common.o(i.Free_ChannelFlag) refers to sci_common.o(.data) for SCI_ChxStat
    sci_common.o(i.SCIChannel_Alloca) refers to gpio.o(i.assert_failed) for assert_failed
    sci_common.o(i.SCIChannel_Alloca) refers to sci_common.o(i.Alloc_ChannelFlag) for Alloc_ChannelFlag
    sci_common.o(i.SCIChannel_Free) refers to gpio.o(i.assert_failed) for assert_failed
    sci_common.o(i.SCIChannel_Free) refers to sci_common.o(i.Free_ChannelFlag) for Free_ChannelFlag
    sci_common.o(i.SCIPeriphal_ClockUpdate) refers to aeabi_sdiv.o(.text) for __aeabi_uidivmod
    sci_common.o(i.SCIPeriphal_ClockUpdate) refers to fflti.o(.text) for __aeabi_ui2f
    sci_common.o(i.SCIPeriphal_ClockUpdate) refers to fmul.o(x$fpl$fmul) for __aeabi_fmul
    sci_common.o(i.SCIPeriphal_ClockUpdate) refers to fdiv.o(.text) for __aeabi_fdiv
    sci_common.o(i.SCIPeriphal_ClockUpdate) refers to f2d.o(.text) for __aeabi_f2d
    sci_common.o(i.SCIPeriphal_ClockUpdate) refers to drlef.o(x$fpl$drleqf) for __aeabi_cdrcmple
    sci_common.o(i.SCIPeriphal_ClockUpdate) refers to sci_common.o(.constdata) for sps_tab
    sci_common.o(i.SCI_ChannelStart_Cmd) refers to gpio.o(i.assert_failed) for assert_failed
    sci_common.o(i.SCI_ClearFlag) refers to gpio.o(i.assert_failed) for assert_failed
    sci_common.o(i.SCI_GetErrStaus) refers to gpio.o(i.assert_failed) for assert_failed
    sci_common.o(i.SCI_GetErrStaus) refers to sci_common.o(i.SCI_GetFlagStatus) for SCI_GetFlagStatus
    tim.o(i.TIM_Cmd) refers to tim.o(i.TIM_Start) for TIM_Start
    tim.o(i.TIM_Cmd) refers to tim.o(i.TIM_Stop) for TIM_Stop
    tim.o(i.TIM_GetPulsePeriod) refers to gpio.o(i.assert_failed) for assert_failed
    tim.o(i.TIM_GetPulsePeriod) refers to tim.o(i.Tim_RegSetting) for Tim_RegSetting
    tim.o(i.TIM_GetPulsePeriod) refers to tim.o(.data) for TIM_IRQTable
    tim.o(i.TIM_GetPulsePeriod) refers to tim.o(.bss) for TIM_reg
    tim.o(i.TIM_GetPulseWidth) refers to gpio.o(i.assert_failed) for assert_failed
    tim.o(i.TIM_GetPulseWidth) refers to tim.o(i.Tim_RegSetting) for Tim_RegSetting
[...]
    i.TesterPresent                          0x00003e2e   Section        0  uds_app.o(i.TesterPresent)
    TesterPresent                            0x00003e2f   Thumb Code    56  uds_app.o(i.TesterPresent)
    i.Tim_RegSetting                         0x00003e68   Section        0  tim.o(i.Tim_RegSetting)
    i.TransferData                           0x00003ef8   Section        0  uds_app.o(i.TransferData)
    TransferData                             0x00003ef9   Thumb Code   150  uds_app.o(i.TransferData)
    i.UART0_Init                             0x00003fa0   Section        0  uart.o(i.UART0_Init)
    UART0_Init                               0x00003fa1   Thumb Code   560  uart.o(i.UART0_Init)
    i.UART1_Init                             0x000041f0   Section        0  uart.o(i.UART1_Init)
    UART1_Init                               0x000041f1   Thumb Code   650  uart.o(i.UART1_Init)
    i.UART2_Init                             0x00004498   Section        0  uart.o(i.UART2_Init)
    UART2_Init                               0x00004499   Thumb Code   590  uart.o(i.UART2_Init)
    i.UART_GetErrStaus                       0x00004708   Section        0  uart.o(i.UART_GetErrStaus)
    i.UART_GetSysClock                       0x00004778   Section        0  uart.o(i.UART_GetSysClock)
    UART_GetSysClock                         0x00004779   Thumb Code    18  uart.o(i.UART_GetSysClock)
    i.UART_Init                              0x00004798   Section        0  uart.o(i.UART_Init)
    i.UDS_ALG_HAL_AddSWTimerTickCnt          0x000048a4   Section        0  uds_alg_hal.o(i.UDS_ALG_HAL_AddSWTimerTickCnt)
    i.UDS_ALG_HAL_GetKey                     0x000048b4   Section        0  uds_alg_hal.o(i.UDS_ALG_HAL_GetKey)
    i.UDS_ALG_HAL_GetRandom                  0x000048d0   Section        0  uds_alg_hal.o(i.UDS_ALG_HAL_GetRandom)
    i.UDS_MainFun                            0x0000494c   Section        0  uds_app.o(i.UDS_MainFun)
    i.UDS_SystemTickCtl                      0x00004a8c   Section        0  uds_app.o(i.UDS_SystemTickCtl)
    i.Uart0_Init                             0x00004aa4   Section        0  uart_drv.o(i.Uart0_Init)
    i.Uds_FlashControlMain                   0x00004b64   Section        0  uds_app.o(i.Uds_FlashControlMain)
    i.WDT_Restart                            0x00004c04   Section        0  wdt.o(i.WDT_Restart)
    i.WriteDataByIdentifier                  0x00004c10   Section        0  uds_app.o(i.WriteDataByIdentifier)
    WriteDataByIdentifier                    0x00004c11   Thumb Code     2  uds_app.o(i.WriteDataByIdentifier)
    i.__ARM_common_switch8                   0x00004c12   Section        0  lin_protocol.o(i.__ARM_common_switch8)
    i.__NVIC_ClearPendingIRQ                 0x00004c30   Section        0  adc.o(i.__NVIC_ClearPendingIRQ)
    __NVIC_ClearPendingIRQ                   0x00004c31   Thumb Code    18  adc.o(i.__NVIC_ClearPendingIRQ)
    i.__NVIC_SetPriority                     0x00004c48   Section        0  lin_protocol.o(i.__NVIC_SetPriority)
    __NVIC_SetPriority                       0x00004c49   Thumb Code   110  lin_protocol.o(i.__NVIC_SetPriority)
    i.__NVIC_SetPriority                     0x00004cc0   Section        0  mcu.o(i.__NVIC_SetPriority)
    __NVIC_SetPriority                       0x00004cc1   Thumb Code   110  mcu.o(i.__NVIC_SetPriority)
    i.assert_failed                          0x00004d38   Section        0  gpio.o(i.assert_failed)
    i.bag10out                               0x00004d3a   Section        0  massage.o(i.bag10out)
    bag10out                                 0x00004d3b   Thumb Code    30  massage.o(i.bag10out)
    i.bag1out                                0x00004d58   Section        0  massage.o(i.bag1out)
    bag1out                                  0x00004d59   Thumb Code    32  massage.o(i.bag1out)
    i.bag2out                                0x00004d78   Section        0  massage.o(i.bag2out)
    bag2out                                  0x00004d79   Thumb Code    32  massage.o(i.bag2out)
    i.bag3out                                0x00004d98   Section        0  massage.o(i.bag3out)
    bag3out                                  0x00004d99   Thumb Code    32  massage.o(i.bag3out)
    i.bag4out                                0x00004db8   Section        0  massage.o(i.bag4out)
    bag4out                                  0x00004db9   Thumb Code    32  massage.o(i.bag4out)
    i.bag5out                                0x00004dd8   Section        0  massage.o(i.bag5out)
    bag5out                                  0x00004dd9   Thumb Code    32  massage.o(i.bag5out)
    i.bag6out                                0x00004df8   Section        0  massage.o(i.bag6out)
    bag6out                                  0x00004df9   Thumb Code    30  massage.o(i.bag6out)
    i.bag7out                                0x00004e16   Section        0  massage.o(i.bag7out)
    bag7out                                  0x00004e17   Thumb Code    32  massage.o(i.bag7out)
    i.bag8out                                0x00004e36   Section        0  massage.o(i.bag8out)
    bag8out                                  0x00004e37   Thumb Code    30  massage.o(i.bag8out)
    i.bag9out                                0x00004e54   Section        0  massage.o(i.bag9out)
    bag9out                                  0x00004e55   Thumb Code    32  massage.o(i.bag9out)
    i.delay1_us                              0x00004e74   Section        0  delay.o(i.delay1_us)
    i.delayMS                                0x00004ea8   Section        0  delay_drv.o(i.delayMS)
    i.delay_init                             0x00004eb4   Section        0  delay.o(i.delay_init)
    i.fsl_rand                               0x00004ed0   Section        0  uds_alg_hal.o(i.fsl_rand)
    i.fsl_srand                              0x00004ef8   Section        0  uds_alg_hal.o(i.fsl_srand)
    i.intp0_interrupt                        0x00004f08   Section        0  intp_drv.o(i.intp0_interrupt)
    i.keyScan_InputProcess                   0x00004f20   Section        0  keyscan.o(i.keyScan_InputProcess)
    keyScan_InputProcess                     0x00004f21   Thumb Code   310  keyscan.o(i.keyScan_InputProcess)
    i.keyScan_Task10ms                       0x0000505c   Section        0  keyscan.o(i.keyScan_Task10ms)
    i.lin_callback_error                     0x00005064   Section        0  lin_protocol.o(i.lin_callback_error)
    i.m0_delay_ms                            0x00005066   Section        0  delay.o(i.m0_delay_ms)
    i.main                                   0x00005080   Section        0  main.o(i.main)
    i.sci_error_log_internal                 0x0000508a   Section        0  sci_common.o(i.sci_error_log_internal)
    i.tim40_channel3_interrupt               0x00005090   Section        0  lin_protocol.o(i.tim40_channel3_interrupt)
    i.uart0_lin_receive                      0x00005170   Section        0  lin_protocol.o(i.uart0_lin_receive)
    i.uart0_lin_send                         0x00005220   Section        0  lin_protocol.o(i.uart0_lin_send)
    ram_fetch_code                           0x00005260   Section        0  flash.o(ram_fetch_code)
    x$fpl$drleqf                             0x000054b0   Section      104  drlef.o(x$fpl$drleqf)
    x$fpl$fmul                               0x00005518   Section      176  fmul.o(x$fpl$fmul)
    x$fpl$frleqf                             0x000055c8   Section       88  frlef.o(x$fpl$frleqf)
    .constdata                               0x00005620   Section       32  sci_common.o(.constdata)
    x$fpl$usenofp                            0x00005620   Section        0  usenofp.o(x$fpl$usenofp)
    sps_tab                                  0x00005620   Data          32  sci_common.o(.constdata)
    .constdata                               0x00005640   Section        3  analog.o(.constdata)
    .constdata                               0x00005643   Section       23  bootcfg.o(.constdata)
    .constdata                               0x0000565c   Section     1024  cal.o(.constdata)
    .constdata                               0x00005a5c   Section       60  massage_cfg.o(.constdata)
    .constdata                               0x00005a98   Section       92  rte_cfg.o(.constdata)
    .constdata                               0x00005af4   Section      120  uds_app.o(.constdata)
    gs_stUdsAppCfg                           0x00005af4   Data           6  uds_app.o(.constdata)
    gs_aEraseMemoryRoutineControlIdStart     0x00005afa   Data           5  uds_app.o(.constdata)
    gs_aEraseMemoryRoutineControlIdResult    0x00005aff   Data           4  uds_app.o(.constdata)
    gs_aCheckSumRoutineControlIdStart        0x00005b03   Data           4  uds_app.o(.constdata)
    gs_aCheckSumRoutineControlIdResult       0x00005b07   Data           4  uds_app.o(.constdata)
    .constdata                               0x00005b6c   Section       44  uds_lin_tp.o(.constdata)
    .constdata                               0x00005b98   Section       64  fdiv.o(.constdata)
    fdiv_tab                                 0x00005b98   Data          64  fdiv.o(.constdata)
    .data                                    0x20000000   Section        8  sci_common.o(.data)
    SCI_ChxStat                              0x20000000   Data           8  sci_common.o(.data)
    .data                                    0x20000008   Section        4  cgc.o(.data)
    .data                                    0x2000000c   Section      330  gpio.o(.data)
    .data                                    0x20000158   Section       41  lin_protocol.o(.data)
    .data                                    0x20000181   Section        1  delay.o(.data)
    Value_us                                 0x20000181   Data           1  delay.o(.data)
    .data                                    0x20000184   Section        4  flash.o(.data)
    .data                                    0x20000188   Section        2  ecum.o(.data)
    .data                                    0x2000018a   Section       50  analog.o(.data)
    .data                                    0x200001bc   Section      700  isr.o(.data)
    .data                                    0x20000478   Section       13  bootcfg.o(.data)
    BootMonitorTimeCount                     0x20000480   Data           4  bootcfg.o(.data)
    BootMonitorTimeOverFlag                  0x20000484   Data           1  bootcfg.o(.data)
    .data                                    0x20000486   Section        4  timer_hal.o(.data)
    gs_1msCnt                                0x20000486   Data           2  timer_hal.o(.data)
    gs_100msCnt                              0x20000488   Data           2  timer_hal.o(.data)
    .data                                    0x2000048c   Section        8  uds_alg_hal.o(.data)
    u32RandVal                               0x2000048c   Data           4  uds_alg_hal.o(.data)
    gs_UDS_SWTimerTickCnt                    0x20000490   Data           4  uds_alg_hal.o(.data)
    .data                                    0x20000494   Section        1  intp_drv.o(.data)
    .data                                    0x20000498   Section       91  massage.o(.data)
    Massage_bagArry                          0x20000498   Data          40  massage.o(.data)
    Massage_Handle                           0x200004c0   Data          30  massage.o(.data)
    grandTmp                                 0x200004f0   Data           2  massage.o(.data)
    stepTmp                                  0x200004f2   Data           1  massage.o(.data)
    .data                                    0x200004f4   Section        8  rte.o(.data)
    .data                                    0x200004fc   Section        4  system_bat32a237.o(.data)
    .data                                    0x20000500   Section       52  uds_app.o(.data)
    gs_RxBlockNum                            0x2000050a   Data           1  uds_app.o(.data)
    gs_stEraseDataInfo                       0x2000050c   Data           8  uds_app.o(.data)
    gs_stDowloadDataInfo                     0x20000514   Data           8  uds_app.o(.data)
    gs_stDowloadDataInfoCpy                  0x2000051c   Data           8  uds_app.o(.data)
    Uds_RoutineControlFlashFlag              0x20000524   Data           1  uds_app.o(.data)
    Uds_RoutineControlFlashReslut            0x20000525   Data           1  uds_app.o(.data)
    s_aSeedBuf                               0x20000526   Data           2  uds_app.o(.data)
    timerCnt1Ms                              0x20000528   Data           2  uds_app.o(.data)
    app_addr                                 0x2000052c   Data           4  uds_app.o(.data)
    app_len                                  0x20000530   Data           4  uds_app.o(.data)
    .data                                    0x20000534   Section        8  uds_lin_tp.o(.data)
    tp_len_need_rece                         0x20000538   Data           2  uds_lin_tp.o(.data)
    tp_rx_index                              0x2000053a   Data           2  uds_lin_tp.o(.data)
    .bss                                     0x2000053c   Section      160  tim.o(.bss)
    .bss                                     0x200005dc   Section       31  lin_protocol.o(.bss)
    .bss                                     0x200005fc   Section       12  isr.o(.bss)
    .bss                                     0x20000608   Section       40  keyscan.o(.bss)
    .bss                                     0x20000630   Section       12  uds_app.o(.bss)
    gs_stCheckSumDataInfo                    0x20000630   Data          12  uds_app.o(.bss)
    .bss                                     0x2000063c   Section      664  uds_lin_tp.o(.bss)
    .bss                                     0x200008d4   Section       96  libspace.o(.bss)
    HEAP                                     0x20000938   Section      256  startup_bat32a237.o(HEAP)
    Heap_Mem                                 0x20000938   Data         256  startup_bat32a237.o(HEAP)
    STACK                                    0x20000a38   Section     1536  startup_bat32a237.o(STACK)
    Stack_Mem                                0x20000a38   Data        1536  startup_bat32a237.o(STACK)
    __initial_sp                             0x20001038   Data           0  startup_bat32a237.o(STACK)

    Global Symbols

    Symbol Name                              Value     Ov Type        Size  Object(Section)

    BuildAttributes$$THM_ISAv3M$S$PE$A:L22$X:L11$S22$IEEE1$IW$USESV6$~STKCKD$USESV7$~SHL$OSPACE$ROPI$EBA8$UX$STANDARDLIB$REQ8$PRES8$EABIv2 0x00000000   Number         0  anon$$obj.o ABSOLUTE
    __ARM_use_no_argv                        0x00000000   Number         0  main.o ABSOLUTE
    __Vectors                                0x00000000   Data           4  startup_bat32a237.o(RESET)
    __ARM_exceptions_init                     - Undefined Weak Reference
    __alloca_initialize                       - Undefined Weak Reference
    __arm_fini_                               - Undefined Weak Reference
    __arm_preinit_                            - Undefined Weak Reference
    __cpp_initialize__aeabi_                  - Undefined Weak Reference
    __cxa_finalize                            - Undefined Weak Reference
    __rt_locale                               - Undefined Weak Reference
    __sigvec_lookup                           - Undefined Weak Reference
    _atexit_init                              - Undefined Weak Reference
    _call_atexit_fns                          - Undefined Weak Reference
    _clock_init                               - Undefined Weak Reference
    _fp_trap_init                             - Undefined Weak Reference
    _fp_trap_shutdown                         - Undefined Weak Reference
    _get_lc_collate                           - Undefined Weak Reference
    _get_lc_ctype                             - Undefined Weak Reference
    _get_lc_monetary                          - Undefined Weak Reference
    _get_lc_numeric                           - Undefined Weak Reference
    _get_lc_time                              - Undefined Weak Reference
    _getenv_init                              - Undefined Weak Reference
    _handle_redirection                       - Undefined Weak Reference
    _init_alloc                               - Undefined Weak Reference
    _init_user_alloc                          - Undefined Weak Reference
    _initio                                   - Undefined Weak Reference
    _rand_init                                - Undefined Weak Reference
    _signal_finish                            - Undefined Weak Reference
    _signal_init                              - Undefined Weak Reference
    _terminate_alloc                          - Undefined Weak Reference
    _terminate_user_alloc                     - Undefined Weak Reference
    _terminateio                              - Undefined Weak Reference
    __Vectors_End                            0x000000c0   Data           0  startup_bat32a237.o(RESET)
    __Vectors_Size                           0x000000c0   Number         0  startup_bat32a237.o ABSOLUTE
    user_opt_data                            0x000000c0   Data           4  system_bat32a237.o(.ARM.__AT_0x000000C0)
    __main                                   0x000000c5   Thumb Code     8  __main.o(!!!main)
    __scatterload                            0x000000cd   Thumb Code     0  __scatter.o(!!!scatter)
    __scatterload_rt2                        0x000000cd   Thumb Code    52  __scatter.o(!!!scatter)
    __scatterload_rt2_thumb_only             0x000000cd   Thumb Code     0  __scatter.o(!!!scatter)
    __scatterload_null                       0x000000dd   Thumb Code     0  __scatter.o(!!!scatter)
    __scatterload_zeroinit                   0x00000109   Thumb Code    28  __scatter_zi.o(!!handler_zi)
    __rt_lib_init                            0x00000125   Thumb Code     0  libinit.o(.ARM.Collect$$libinit$$00000000)
    __rt_lib_init_alloca_1                   0x00000127   Thumb Code     0  libinit2.o(.ARM.Collect$$libinit$$0000002E)
    __rt_lib_init_argv_1                     0x00000127   Thumb Code     0  libinit2.o(.ARM.Collect$$libinit$$0000002C)
    __rt_lib_init_atexit_1                   0x00000127   Thumb Code     0  libinit2.o(.ARM.Collect$$libinit$$0000001B)
    __rt_lib_init_clock_1                    0x00000127   Thumb Code     0  libinit2.o(.ARM.Collect$$libinit$$00000021)
    __rt_lib_init_cpp_1                      0x00000127   Thumb Code     0  libinit2.o(.ARM.Collect$$libinit$$00000032)
    __rt_lib_init_exceptions_1               0x00000127   Thumb Code     0  libinit2.o(.ARM.Collect$$libinit$$00000030)
    __rt_lib_init_fp_1                       0x00000127   Thumb Code     0  libinit2.o(.ARM.Collect$$libinit$$00000002)
    __rt_lib_init_fp_trap_1                  0x00000127   Thumb Code     0  libinit2.o(.ARM.Collect$$libinit$$0000001F)
    __rt_lib_init_getenv_1                   0x00000127   Thumb Code     0  libinit2.o(.ARM.Collect$$libinit$$00000023)
    __rt_lib_init_heap_1                     0x00000127   Thumb Code     0  libinit2.o(.ARM.Collect$$libinit$$0000000A)
    __rt_lib_init_lc_collate_1               0x00000127   Thumb Code     0  libinit2.o(.ARM.Collect$$libinit$$00000011)
    __rt_lib_init_lc_ctype_1                 0x00000127   Thumb Code     0  libinit2.o(.ARM.Collect$$libinit$$00000013)
    __rt_lib_init_lc_monetary_1              0x00000127   Thumb Code     0  libinit2.o(.ARM.Collect$$libinit$$00000015)
    __rt_lib_init_lc_numeric_1               0x00000127   Thumb Code     0  libinit2.o(.ARM.Collect$$libinit$$00000017)
    __rt_lib_init_lc_time_1                  0x00000127   Thumb Code     0  libinit2.o(.ARM.Collect$$libinit$$00000019)
    __rt_lib_init_preinit_1                  0x00000127   Thumb Code     0  libinit2.o(.ARM.Collect$$libinit$$00000004)
    __rt_lib_init_rand_1                     0x00000127   Thumb Code     0  libinit2.o(.ARM.Collect$$libinit$$0000000E)
    __rt_lib_init_return                     0x00000127   Thumb Code     0  libinit2.o(.ARM.Collect$$libinit$$00000033)
    __rt_lib_init_signal_1                   0x00000127   Thumb Code     0  libinit2.o(.ARM.Collect$$libinit$$0000001D)
    __rt_lib_init_stdio_1                    0x00000127   Thumb Code     0  libinit2.o(.ARM.Collect$$libinit$$00000025)
    __rt_lib_init_user_alloc_1               0x00000127   Thumb Code     0  libinit2.o(.ARM.Collect$$libinit$$0000000C)
    __rt_lib_shutdown                        0x00000129   Thumb Code     0  libshutdown.o(.ARM.Collect$$libshutdown$$00000000)
    __rt_lib_shutdown_cpp_1                  0x0000012b   Thumb Code     0  libshutdown2.o(.ARM.Collect$$libshutdown$$00000004)
    __rt_lib_shutdown_fini_1                 0x0000012b   Thumb Code     0  libshutdown2.o(.ARM.Collect$$libshutdown$$00000002)
    __rt_lib_shutdown_fp_trap_1              0x0000012b   Thumb Code     0  libshutdown2.o(.ARM.Collect$$libshutdown$$00000009)
    __rt_lib_shutdown_heap_1                 0x0000012b   Thumb Code     0  libshutdown2.o(.ARM.Collect$$libshutdown$$00000011)
    __rt_lib_shutdown_return                 0x0000012b   Thumb Code     0  libshutdown2.o(.ARM.Collect$$libshutdown$$00000012)
    __rt_lib_shutdown_signal_1               0x0000012b   Thumb Code     0  libshutdown2.o(.ARM.Collect$$libshutdown$$0000000C)
    __rt_lib_shutdown_stdio_1                0x0000012b   Thumb Code     0  libshutdown2.o(.ARM.Collect$$libshutdown$$00000006)
    __rt_lib_shutdown_user_alloc_1           0x0000012b   Thumb Code     0  libshutdown2.o(.ARM.Collect$$libshutdown$$0000000E)
    __rt_entry                               0x0000012d   Thumb Code     0  __rtentry.o(.ARM.Collect$$rtentry$$00000000)
    __rt_entry_presh_1                       0x0000012d   Thumb Code     0  __rtentry2.o(.ARM.Collect$$rtentry$$00000002)
    __rt_entry_sh                            0x0000012d   Thumb Code     0  __rtentry4.o(.ARM.Collect$$rtentry$$00000004)
    __rt_entry_li                            0x00000133   Thumb Code     0  __rtentry2.o(.ARM.Collect$$rtentry$$0000000A)
    __rt_entry_postsh_1                      0x00000133   Thumb Code     0  __rtentry2.o(.ARM.Collect$$rtentry$$00000009)
    __rt_entry_main                          0x00000137   Thumb Code     0  __rtentry2.o(.ARM.Collect$$rtentry$$0000000D)
    __rt_entry_postli_1                      0x00000137   Thumb Code     0  __rtentry2.o(.ARM.Collect$$rtentry$$0000000C)
    __rt_exit                                0x0000013f   Thumb Code     0  rtexit.o(.ARM.Collect$$rtexit$$00000000)
    __rt_exit_ls                             0x00000141   Thumb Code     0  rtexit2.o(.ARM.Collect$$rtexit$$00000003)
    __rt_exit_prels_1                        0x00000141   Thumb Code     0  rtexit2.o(.ARM.Collect$$rtexit$$00000002)
    __rt_exit_exit                           0x00000145   Thumb Code     0  rtexit2.o(.ARM.Collect$$rtexit$$00000004)
    __aeabi_memcpy4                          0x0000014d   Thumb Code    56  rt_memcpy.o(.emb_text)
    __aeabi_memcpy8                          0x0000014d   Thumb Code     0  rt_memcpy.o(.emb_text)
    Reset_Handler                            0x00000185   Thumb Code     8  startup_bat32a237.o(.text)
    NMI_Handler                              0x0000018d   Thumb Code     2  startup_bat32a237.o(.text)
    MemManage_Handler                        0x00000191   Thumb Code     2  startup_bat32a237.o(.text)
    BusFault_Handler                         0x00000193   Thumb Code     2  startup_bat32a237.o(.text)
    UsageFault_Handler                       0x00000195   Thumb Code     2  startup_bat32a237.o(.text)
    SVC_Handler                              0x00000197   Thumb Code     2  startup_bat32a237.o(.text)
    DebugMon_Handler                         0x00000199   Thumb Code     2  startup_bat32a237.o(.text)
    PendSV_Handler                           0x0000019b   Thumb Code     2  startup_bat32a237.o(.text)
    __user_initial_stackheap                 0x000001e1   Thumb Code    10  startup_bat32a237.o(.text)
    __aeabi_memcpy                           0x00000205   Thumb Code   130  rt_memcpy.o(.text)
    __rt_memcpy                              0x00000205   Thumb Code     0  rt_memcpy.o(.text)
    __aeabi_memset                           0x00000287   Thumb Code    18  aeabi_memset.o(.text)
    _memset_w                                0x00000299   Thumb Code    26  rt_memclr.o(.text)
    _memset                                  0x000002b3   Thumb Code    30  rt_memclr.o(.text)
    __aeabi_memclr                           0x000002d1   Thumb Code     4  rt_memclr.o(.text)
    __rt_memclr                              0x000002d1   Thumb Code     0  rt_memclr.o(.text)
    __aeabi_memclr4                          0x000002d5   Thumb Code     0  rt_memclr.o(.text)
    __aeabi_memclr8                          0x000002d5   Thumb Code     0  rt_memclr.o(.text)
    __rt_memclr_w                            0x000002d5   Thumb Code     4  rt_memclr.o(.text)
    __aeabi_uidiv                            0x000002d9   Thumb Code     0  aeabi_sdiv.o(.text)
    __aeabi_uidivmod                         0x000002d9   Thumb Code    20  aeabi_sdiv.o(.text)
    __aeabi_idiv                             0x000002ed   Thumb Code     0  aeabi_sdiv.o(.text)
    __aeabi_idivmod                          0x000002ed   Thumb Code   326  aeabi_sdiv.o(.text)
    __use_two_region_memory                  0x00000433   Thumb Code     2  heapauxi.o(.text)
    __rt_heap_escrow$2region                 0x00000435   Thumb Code     2  heapauxi.o(.text)
    __rt_heap_expand$2region                 0x00000437   Thumb Code     2  heapauxi.o(.text)
    __aeabi_f2d                              0x00000439   Thumb Code     0  f2d.o(.text)
    _f2d                                     0x00000439   Thumb Code    80  f2d.o(.text)
    __aeabi_fdiv                             0x0000048d   Thumb Code     0  fdiv.o(.text)
    _fdiv                                    0x0000048d   Thumb Code   334  fdiv.o(.text)
    _frdiv                                   0x000005db   Thumb Code     8  fdiv.o(.text)
    __aeabi_i2f_normalise                    0x000005ed   Thumb Code    72  fflti.o(.text)
    __aeabi_i2f                              0x00000635   Thumb Code    16  fflti.o(.text)
    _fflt                                    0x00000635   Thumb Code     0  fflti.o(.text)
    __aeabi_ui2f                             0x00000645   Thumb Code     6  fflti.o(.text)
    _ffltu                                   0x00000645   Thumb Code     0  fflti.o(.text)
    __fpl_dcmp_InfNaN                        0x0000064d   Thumb Code   140  dcmpin.o(.text)
    __fpl_fcmp_InfNaN                        0x000006dd   Thumb Code    96  fcmpin.o(.text)
    __fpl_cmpreturn                          0x00000741   Thumb Code    46  cmpret.o(.text)
    __fpl_dcheck_NaN2                        0x00000771   Thumb Code    14  dnan2.o(.text)
    __fpl_fcheck_NaN2                        0x00000785   Thumb Code    10  fnan2.o(.text)
    __user_setup_stackheap                   0x00000795   Thumb Code    62  sys_stackheap_outer.o(.text)
    exit                                     0x000007d3   Thumb Code    16  exit.o(.text)
    __fpl_return_NaN                         0x000007e3   Thumb Code    94  retnan.o(.text)
    __user_libspace                          0x00000841   Thumb Code     8  libspace.o(.text)
    __user_perproc_libspace                  0x00000841   Thumb Code     0  libspace.o(.text)
    __user_perthread_libspace                0x00000841   Thumb Code     0  libspace.o(.text)
    _sys_exit                                0x00000849   Thumb Code     8  sys_exit.o(.text)
    __I$use$semihosting                      0x00000855   Thumb Code     0  use_no_semi.o(.text)
    __use_no_semihosting_swi                 0x00000855   Thumb Code     2  use_no_semi.o(.text)
    __decompress                             0x00000857   Thumb Code     0  __dczerorl2.o(.text)
    __decompress1                            0x00000857   Thumb Code    86  __dczerorl2.o(.text)
    __semihosting_library_function           0x00000857   Thumb Code     0  indicate_semi.o(.text)
    ADC_Converse                             0x000008ad   Thumb Code   128  adc.o(i.ADC_Converse)
    ADC_Init                                 0x00000939   Thumb Code   236  adc.o(i.ADC_Init)
    ADC_Stop                                 0x00000a45   Thumb Code    34  adc.o(i.ADC_Stop)
    Analog_Task1ms                           0x00000ae5   Thumb Code   298  analog.o(i.Analog_Task1ms)
    Analog_getValue                          0x00000c1d   Thumb Code    38  analog.o(i.Analog_getValue)
    BootInit                                 0x00000c5d   Thumb Code   130  bootcfg.o(i.BootInit)
    BootMonitor                              0x00000cf5   Thumb Code    58  bootcfg.o(i.BootMonitor)
    CGC_Osc_Setting                          0x00000d45   Thumb Code   130  cgc.o(i.CGC_Osc_Setting)
    CGC_PER0PeriphClockCmd                   0x00000dcd   Thumb Code    72  cgc.o(i.CGC_PER0PeriphClockCmd)
    CGC_PER1PeriphClockCmd                   0x00000e2d   Thumb Code    72  cgc.o(i.CGC_PER1PeriphClockCmd)
    CLK_GetCoreFreq                          0x00000e8d   Thumb Code   122  system_bat32a237.o(i.CLK_GetCoreFreq)
    Cal_CrcCal                               0x00000f39   Thumb Code    38  cal.o(i.Cal_CrcCal)
    Cal_CrcFinalize                          0x00000f65   Thumb Code     8  cal.o(i.Cal_CrcFinalize)
    Cal_CrcInit                              0x00000f6d   Thumb Code     8  cal.o(i.Cal_CrcInit)
    ClearRxMsgReadlly                        0x00000f75   Thumb Code     8  uds_lin_tp.o(i.ClearRxMsgReadlly)
    EcuM_AL_DriverInit                       0x000010dd   Thumb Code     8  ecum_callout_stubs.o(i.EcuM_AL_DriverInit)
    EcuM_AL_SwitchOff                        0x000010e5   Thumb Code     8  ecum_callout_stubs.o(i.EcuM_AL_SwitchOff)
    EcuM_Init                                0x000010ed   Thumb Code    70  ecum.o(i.EcuM_Init)
    EcuM_MainFunction_10ms                   0x0000113d   Thumb Code    54  ecum.o(i.EcuM_MainFunction_10ms)
    EraseAllApp                              0x00001179   Thumb Code    56  bootcfg.o(i.EraseAllApp)
    EraseOneSector                           0x000011b1   Thumb Code    22  bootcfg.o(i.EraseOneSector)
    FlashCheckSum                            0x000011c7   Thumb Code    58  bootcfg.o(i.FlashCheckSum)
    FlashReadOneByte                         0x00001201   Thumb Code     6  bootcfg.o(i.FlashReadOneByte)
    FlashWriteMultiByte                      0x00001207   Thumb Code    40  bootcfg.o(i.FlashWriteMultiByte)
    FlashWriteOneByte                        0x00001231   Thumb Code    72  bootcfg.o(i.FlashWriteOneByte)
    GPIO_Init                                0x000012ad   Thumb Code   562  gpio.o(i.GPIO_Init)
    GPIO_PinAFConfig                         0x000014fd   Thumb Code   186  gpio.o(i.GPIO_PinAFConfig)
    GPIO_PinCheck                            0x000015d9   Thumb Code   102  gpio.o(i.GPIO_PinCheck)
    GPIO_ReadInputDataBit                    0x00001641   Thumb Code   154  gpio.o(i.GPIO_ReadInputDataBit)
    GPIO_ResetBits                           0x000016f9   Thumb Code   124  gpio.o(i.GPIO_ResetBits)
    GPIO_SetBits                             0x00001791   Thumb Code   124  gpio.o(i.GPIO_SetBits)
    GPIO_SetPIOR                             0x00001829   Thumb Code   374  gpio.o(i.GPIO_SetPIOR)
    GPIO_ToggleBits                          0x000019ad   Thumb Code   124  gpio.o(i.GPIO_ToggleBits)
    GetUDSServiceInfo                        0x00001a45   Thumb Code    10  uds_app.o(i.GetUDSServiceInfo)
    HardFault_Handler                        0x00001a61   Thumb Code     4  debug.o(i.HardFault_Handler)
    INTP_Init                                0x00001a65   Thumb Code   242  intp.o(i.INTP_Init)
    INTP_Start                               0x00001b75   Thumb Code   238  intp.o(i.INTP_Start)
    IRQ00_Handler                            0x00001c6d   Thumb Code    12  isr.o(i.IRQ00_Handler)
    IRQ01_Handler                            0x00001c7d   Thumb Code    36  isr.o(i.IRQ01_Handler)
    IRQ02_Handler                            0x00001cad   Thumb Code    36  isr.o(i.IRQ02_Handler)
    IRQ03_Handler                            0x00001cdd   Thumb Code    36  isr.o(i.IRQ03_Handler)
    IRQ04_Handler                            0x00001d0d   Thumb Code    36  isr.o(i.IRQ04_Handler)
    IRQ05_Handler                            0x00001d3d   Thumb Code    36  isr.o(i.IRQ05_Handler)
    IRQ06_Handler                            0x00001d6d   Thumb Code    36  isr.o(i.IRQ06_Handler)
    IRQ07_Handler                            0x00001d9d   Thumb Code    12  isr.o(i.IRQ07_Handler)
    IRQ08_Handler                            0x00001dad   Thumb Code    12  isr.o(i.IRQ08_Handler)
    IRQ09_Handler                            0x00001dbd   Thumb Code    38  isr.o(i.IRQ09_Handler)
    IRQ10_Handler                            0x00001df1   Thumb Code    14  isr.o(i.IRQ10_Handler)
    IRQ11_Handler                            0x00001e05   Thumb Code    12  isr.o(i.IRQ11_Handler)
    IRQ12_Handler                            0x00001e15   Thumb Code    38  isr.o(i.IRQ12_Handler)
    IRQ13_Handler                            0x00001e49   Thumb Code    12  isr.o(i.IRQ13_Handler)
    IRQ14_Handler                            0x00001e59   Thumb Code    12  isr.o(i.IRQ14_Handler)
    IRQ15_Handler                            0x00001e69   Thumb Code    38  isr.o(i.IRQ15_Handler)
    IRQ16_Handler                            0x00001e9d   Thumb Code    36  isr.o(i.IRQ16_Handler)
    IRQ17_Handler                            0x00001ecd   Thumb Code    12  isr.o(i.IRQ17_Handler)
    IRQ18_Handler                            0x00001edd   Thumb Code    12  isr.o(i.IRQ18_Handler)
    IRQ19_Handler                            0x00001eed   Thumb Code    12  isr.o(i.IRQ19_Handler)
    IRQ20_Handler                            0x00001efd   Thumb Code    12  isr.o(i.IRQ20_Handler)
    IRQ21_Handler                            0x00001f0d   Thumb Code    12  isr.o(i.IRQ21_Handler)
    IRQ22_Handler                            0x00001f1d   Thumb Code    38  isr.o(i.IRQ22_Handler)
    IRQ23_Handler                            0x00001f51   Thumb Code    38  isr.o(i.IRQ23_Handler)
    IRQ24_Handler                            0x00001f85   Thumb Code    36  isr.o(i.IRQ24_Handler)
    IRQ25_Handler                            0x00001fb5   Thumb Code    38  isr.o(i.IRQ25_Handler)
    IRQ26_Handler                            0x00001fe9   Thumb Code    12  isr.o(i.IRQ26_Handler)
    IRQ27_Handler                            0x00001ff9   Thumb Code    12  isr.o(i.IRQ27_Handler)
    IRQ28_Handler                            0x00002009   Thumb Code    12  isr.o(i.IRQ28_Handler)
    IRQ29_Handler                            0x00002019   Thumb Code    12  isr.o(i.IRQ29_Handler)
    IRQ30_Handler                            0x00002029   Thumb Code    12  isr.o(i.IRQ30_Handler)
    IRQ31_Handler                            0x00002039   Thumb Code    12  isr.o(i.IRQ31_Handler)
    ISR_Register                             0x00002049   Thumb Code   146  isr.o(i.ISR_Register)
    IntDefaultHandler                        0x000020ed   Thumb Code     4  isr.o(i.IntDefaultHandler)
    Intp_Init                                0x000020f1   Thumb Code    30  intp_drv.o(i.Intp_Init)
    IsCurRxIdCanRequest                      0x000021a9   Thumb Code    26  uds_app.o(i.IsCurRxIdCanRequest)
    IsCurSecurityLevelRequet                 0x000021c9   Thumb Code    22  uds_app.o(i.IsCurSecurityLevelRequet)
    IsCurSeesionCanRequest                   0x000021e5   Thumb Code    26  uds_app.o(i.IsCurSeesionCanRequest)
    IsRxMsgReally                            0x00002289   Thumb Code     6  uds_lin_tp.o(i.IsRxMsgReally)
    IsS3ServerTimeout                        0x00002295   Thumb Code    26  uds_app.o(i.IsS3ServerTimeout)
    LINTP_DriverWriteDataInLINTP             0x000022b5   Thumb Code   358  uds_lin_tp.o(i.LINTP_DriverWriteDataInLINTP)
    LINTP_RxMsg                              0x00002431   Thumb Code    46  uds_lin_tp.o(i.LINTP_RxMsg)
    LINTP_TxMsg                              0x00002465   Thumb Code   144  uds_lin_tp.o(i.LINTP_TxMsg)
    LIN_Receive                              0x000024fd   Thumb Code    28  lin_protocol.o(i.LIN_Receive)
    LIN_ReceiveBreak                         0x0000252d   Thumb Code    46  lin_protocol.o(i.LIN_ReceiveBreak)
    LIN_Send                                 0x0000256d   Thumb Code    14  lin_protocol.o(i.LIN_Send)
    LIN_SetConfig                            0x00002585   Thumb Code   104  lin_protocol.o(i.LIN_SetConfig)
    LIN_SleepIO_Init                         0x0000260d   Thumb Code    34  lin_protocol.o(i.LIN_SleepIO_Init)
    LinMainFun                               0x00002631   Thumb Code   432  lin_protocol.o(i.LinMainFun)
    LinSlaverRespond                         0x0000281d   Thumb Code    48  lin_protocol.o(i.LinSlaverRespond)
    Lin_CheckPID                             0x00002851   Thumb Code    50  lin_protocol.o(i.Lin_CheckPID)
    Lin_Checksum                             0x00002883   Thumb Code   120  lin_protocol.o(i.Lin_Checksum)
    MCU_Config                               0x000028fb   Thumb Code    48  mcu.o(i.MCU_Config)
    MCU_Interrupt_Config                     0x0000292b   Thumb Code    12  mcu.o(i.MCU_Interrupt_Config)
    Massage_task10ms                         0x00002cbd   Thumb Code    10  massage.o(i.Massage_task10ms)
    OverTimeTask                             0x00002fc1   Thumb Code    20  lin_protocol.o(i.OverTimeTask)
    ReflashWorkMode                          0x00003075   Thumb Code    74  bootcfg.o(i.ReflashWorkMode)
    ResetMcu                                 0x0000320d   Thumb Code    44  bootcfg.o(i.ResetMcu)
    ResetMonitor                             0x00003245   Thumb Code    28  bootcfg.o(i.ResetMonitor)
    RestartS3Server                          0x00003265   Thumb Code    18  uds_app.o(i.RestartS3Server)
    Rte_10ms_Task_A                          0x0000341d   Thumb Code    16  rte.o(i.Rte_10ms_Task_A)
    Rte_10ms_Task_B                          0x0000342d   Thumb Code     8  rte.o(i.Rte_10ms_Task_B)
    Rte_10ms_Task_C                          0x00003435   Thumb Code     8  rte.o(i.Rte_10ms_Task_C)
    Rte_10ms_Task_D                          0x0000343d   Thumb Code     2  rte.o(i.Rte_10ms_Task_D)
    Rte_10ms_Task_E                          0x0000343f   Thumb Code     2  rte.o(i.Rte_10ms_Task_E)
    Rte_1ms_Task                             0x00003441   Thumb Code    28  rte.o(i.Rte_1ms_Task)
    Rte_2ms_Task                             0x0000345d   Thumb Code     2  rte.o(i.Rte_2ms_Task)
    Rte_IncrementCounter                     0x00003461   Thumb Code    64  rte.o(i.Rte_IncrementCounter)
    Rte_Init                                 0x000034a9   Thumb Code    14  rte.o(i.Rte_Init)
    Rte_Start                                0x000034bd   Thumb Code     8  rte.o(i.Rte_Start)
    Rte_Stop                                 0x000034c9   Thumb Code     8  rte.o(i.Rte_Stop)
    Rte_TaskPolling                          0x000034d5   Thumb Code    38  rte.o(i.Rte_TaskPolling)
    SCIChannel_Alloca                        0x00003505   Thumb Code   122  sci_common.o(i.SCIChannel_Alloca)
    SCIPeriphal_ClockUpdate                  0x000035a9   Thumb Code   240  sci_common.o(i.SCIPeriphal_ClockUpdate)
    SCI_GetErrStaus                          0x000036a1   Thumb Code   274  sci_common.o(i.SCI_GetErrStaus)
    SCI_GetFlagStatus                        0x000037e9   Thumb Code    20  sci_common.o(i.SCI_GetFlagStatus)
    SecM_ComputeCRC                          0x000037fd   Thumb Code    60  secm.o(i.SecM_ComputeCRC)
    SetCurrentSession                        0x00003919   Thumb Code     6  uds_app.o(i.SetCurrentSession)
    SetNegativeErroCode                      0x00003925   Thumb Code    40  uds_app.o(i.SetNegativeErroCode)
    SetSecurityLevel                         0x00003951   Thumb Code     6  uds_app.o(i.SetSecurityLevel)
    SubUdsS3ServerTime                       0x0000395d   Thumb Code    12  uds_app.o(i.SubUdsS3ServerTime)
    SysTick_Handler                          0x0000396d   Thumb Code    24  isr.o(i.SysTick_Handler)
    SystemCoreClockUpdate                    0x0000398d   Thumb Code    12  system_bat32a237.o(i.SystemCoreClockUpdate)
    SystemInit                               0x0000399d   Thumb Code   114  system_bat32a237.o(i.SystemInit)
    TIMER_HAL_1msPeriod                      0x00003a31   Thumb Code    60  timer_hal.o(i.TIMER_HAL_1msPeriod)
    TIMER_HAL_GetTimerTickCnt                0x00003a79   Thumb Code    10  timer_hal.o(i.TIMER_HAL_GetTimerTickCnt)
    TIMER_HAL_Init                           0x00003a85   Thumb Code    44  timer_hal.o(i.TIMER_HAL_Init)
    TIM_SetCounter                           0x00003ab5   Thumb Code   112  tim.o(i.TIM_SetCounter)
    TIM_Start                                0x00003b3d   Thumb Code    64  tim.o(i.TIM_Start)
    TIM_Stop                                 0x00003b95   Thumb Code    64  tim.o(i.TIM_Stop)
    TMA_Init                                 0x00003bed   Thumb Code   482  tima.o(i.TMA_Init)
    TMA_Start                                0x00003e01   Thumb Code    14  tima.o(i.TMA_Start)
    TP_DriverWriteDataInTP                   0x00003e15   Thumb Code    26  uds_lin_tp.o(i.TP_DriverWriteDataInTP)
    Tim_RegSetting                           0x00003e69   Thumb Code   130  tim.o(i.Tim_RegSetting)
    UART_GetErrStaus                         0x00004709   Thumb Code    72  uart.o(i.UART_GetErrStaus)
    UART_Init                                0x00004799   Thumb Code   254  uart.o(i.UART_Init)
    UDS_ALG_HAL_AddSWTimerTickCnt            0x000048a5   Thumb Code    12  uds_alg_hal.o(i.UDS_ALG_HAL_AddSWTimerTickCnt)
    UDS_ALG_HAL_GetKey                       0x000048b5   Thumb Code    28  uds_alg_hal.o(i.UDS_ALG_HAL_GetKey)
    UDS_ALG_HAL_GetRandom                    0x000048d1   Thumb Code   120  uds_alg_hal.o(i.UDS_ALG_HAL_GetRandom)
    UDS_MainFun                              0x0000494d   Thumb Code   312  uds_app.o(i.UDS_MainFun)
    UDS_SystemTickCtl                        0x00004a8d   Thumb Code    22  uds_app.o(i.UDS_SystemTickCtl)
    Uart0_Init                               0x00004aa5   Thumb Code   152  uart_drv.o(i.Uart0_Init)
    Uds_FlashControlMain                     0x00004b65   Thumb Code   136  uds_app.o(i.Uds_FlashControlMain)
    WDT_Restart                              0x00004c05   Thumb Code     8  wdt.o(i.WDT_Restart)
    __ARM_common_switch8                     0x00004c13   Thumb Code    28  lin_protocol.o(i.__ARM_common_switch8)
    assert_failed                            0x00004d39   Thumb Code     2  gpio.o(i.assert_failed)
    delay1_us                                0x00004e75   Thumb Code    42  delay.o(i.delay1_us)
    delayMS                                  0x00004ea9   Thumb Code    12  delay_drv.o(i.delayMS)
    delay_init                               0x00004eb5   Thumb Code    18  delay.o(i.delay_init)
    fsl_rand                                 0x00004ed1   Thumb Code    32  uds_alg_hal.o(i.fsl_rand)
    fsl_srand                                0x00004ef9   Thumb Code    12  uds_alg_hal.o(i.fsl_srand)
    intp0_interrupt                          0x00004f09   Thumb Code    14  intp_drv.o(i.intp0_interrupt)
    keyScan_Task10ms                         0x0000505d   Thumb Code     8  keyscan.o(i.keyScan_Task10ms)
    lin_callback_error                       0x00005065   Thumb Code     2  lin_protocol.o(i.lin_callback_error)
    m0_delay_ms                              0x00005067   Thumb Code    26  delay.o(i.m0_delay_ms)
    main                                     0x00005081   Thumb Code    10  main.o(i.main)
    sci_error_log                            0x0000508b   Thumb Code     0  sci_common.o(i.sci_error_log_internal)
    sci_error_log_internal                   0x0000508b   Thumb Code     6  sci_common.o(i.sci_error_log_internal)
    tim40_channel3_interrupt                 0x00005091   Thumb Code   180  lin_protocol.o(i.tim40_channel3_interrupt)
    uart0_lin_receive                        0x00005171   Thumb Code   142  lin_protocol.o(i.uart0_lin_receive)
    uart0_lin_send                           0x00005221   Thumb Code    52  lin_protocol.o(i.uart0_lin_send)
    EraseChip                                0x00005261   Thumb Code    62  flash.o(ram_fetch_code)
    EraseSector                              0x0000529f   Thumb Code    86  flash.o(ram_fetch_code)
    ProgramPage                              0x000052f5   Thumb Code    74  flash.o(ram_fetch_code)
    flash_write                              0x0000533f   Thumb Code   332  flash.o(ram_fetch_code)
    flashRead                                0x0000548b   Thumb Code    24  flash.o(ram_fetch_code)
    __aeabi_cdrcmple                         0x000054b1   Thumb Code     0  drlef.o(x$fpl$drleqf)
    _drcmple                                 0x000054b1   Thumb Code   100  drlef.o(x$fpl$drleqf)
    __aeabi_fmul                             0x00005519   Thumb Code     0  fmul.o(x$fpl$fmul)
    _fmul                                    0x00005519   Thumb Code   172  fmul.o(x$fpl$fmul)
    __aeabi_cfrcmple                         0x000055c9   Thumb Code     0  frlef.o(x$fpl$frleqf)
    _frcmple                                 0x000055c9   Thumb Code    84  frlef.o(x$fpl$frleqf)
    __I$use$fp                               0x00005620   Number         0  usenofp.o(x$fpl$usenofp)
    channelNumArr                            0x00005640   Data           3  analog.o(.constdata)
    ReadDID_0xF194DataBuff                   0x00005643   Data           9  bootcfg.o(.constdata)
    ReadDID_0xF193DataBuff                   0x0000564c   Data           5  bootcfg.o(.constdata)
    ReadDID_0xF180DataBuff                   0x00005651   Data           9  bootcfg.o(.constdata)
    Cal_Crc32Tab                             0x0000565c   Data        1024  cal.o(.constdata)
    Massage_cfg_handle                       0x00005a5c   Data          60  massage_cfg.o(.constdata)
    Rte_lPollingTaskConfig                   0x00005a98   Data          80  rte_cfg.o(.constdata)
    Rte_Config                               0x00005ae8   Data          12  rte_cfg.o(.constdata)
    gs_astUDSService                         0x00005b0c   Data          96  uds_app.o(.constdata)
    g_stLINUdsNetLayerCfgInfo                0x00005b6c   Data          44  uds_lin_tp.o(.constdata)
    Region$$Table$$Base                      0x00005bd8   Number         0  anon$$obj.o(Region$$Table)
    Region$$Table$$Limit                     0x00005bf8   Number         0  anon$$obj.o(Region$$Table)
    USE_HSE_SYSTYEM_CLOCK                    0x20000008   Data           1  cgc.o(.data)
    USE_HSI_SYSTYEM_CLOCK                    0x20000009   Data           1  cgc.o(.data)
    USE_LSE_SYSTYEM_CLOCK                    0x2000000a   Data           1  cgc.o(.data)
    USE_LSI_SYSTYEM_CLOCK                    0x2000000b   Data           1  cgc.o(.data)
    funcAfTab                                0x2000000c   Data         330  gpio.o(.data)
    gp_uart0_rx_address                      0x20000158   Data           4  lin_protocol.o(.data)
    g_uart0_rx_count                         0x2000015c   Data           2  lin_protocol.o(.data)
    g_uart0_rx_length                        0x2000015e   Data           2  lin_protocol.o(.data)
    g_uart_tx_end                            0x20000160   Data           1  lin_protocol.o(.data)
    g_uart_rx_end                            0x20000161   Data           1  lin_protocol.o(.data)
    g_inttm03Taken                           0x20000164   Data           4  lin_protocol.o(.data)
    g_tm40_ch3_width                         0x20000168   Data           4  lin_protocol.o(.data)
    LinSendingFlag                           0x2000016c   Data           1  lin_protocol.o(.data)
    ReallyTxBuffFlag                         0x2000016d   Data           1  lin_protocol.o(.data)
    lin_state                                0x2000016e   Data           1  lin_protocol.o(.data)
    SyncEdgeCount                            0x2000016f   Data           1  lin_protocol.o(.data)
    break_timeout                            0x20000170   Data           4  lin_protocol.o(.data)
    rx_timeout                               0x20000174   Data           4  lin_protocol.o(.data)
    lin_check_timeout                        0x20000178   Data           1  lin_protocol.o(.data)
    RightID_SaveReceBuff                     0x20000179   Data           8  lin_protocol.o(.data)
    flash_protect_flag                       0x20000184   Data           4  flash.o(.data)
    EcuM_B                                   0x20000188   Data           2  ecum.o(.data)
    Analog_handle                            0x2000018a   Data          50  analog.o(.data)
    g_ticks                                  0x200001bc   Data           4  isr.o(.data)
    isrObj                                   0x200001c0   Data         696  isr.o(.data)
    ResetFlag                                0x20000478   Data           1  bootcfg.o(.data)
    CurrentMode                              0x2000047c   Data           4  bootcfg.o(.data)
    flag                                     0x20000494   Data           1  intp_drv.o(.data)
    massage_multiMode                        0x200004e0   Data          16  massage.o(.data)
    Rte_B                                    0x200004f4   Data           8  rte.o(.data)
    SystemCoreClock                          0x200004fc   Data           4  system_bat32a237.o(.data)
    gs_stUdsInfo                             0x20000500   Data          10  uds_app.o(.data)
    gs_eLinTpWorkStatus                      0x20000534   Data           1  uds_lin_tp.o(.data)
    RxMsgFlag                                0x20000535   Data           1  uds_lin_tp.o(.data)
    TxMsgFlag                                0x20000536   Data           1  uds_lin_tp.o(.data)
    TIM_reg                                  0x2000053c   Data         160  tim.o(.bss)
    txFrame                                  0x200005dc   Data          11  lin_protocol.o(.bss)
    rxFrame                                  0x200005e7   Data          11  lin_protocol.o(.bss)
    lin_tx_buf                               0x200005f2   Data           9  lin_protocol.o(.bss)
    pData                                    0x200005fc   Data          12  isr.o(.bss)
    keyScan_signal_table                     0x20000608   Data          40  keyscan.o(.bss)
    gs_stLinTPTxRxDataInfo                   0x2000063c   Data         664  uds_lin_tp.o(.bss)
    __libspace_start                         0x200008d4   Data          96  libspace.o(.bss)
    __temporary_stack_top$libspace           0x20000934   Data           0  libspace.o(.bss)



==============================================================================

Memory Map of the image

  Image Entry point : 0x000000c5

  Load Region LR_IROM1 (Base: 0x00000000, Size: 0x00006134, Max: 0x00020000, ABSOLUTE, COMPRESSED[0x00005d50])

    Execution Region ER_IROM1 (Exec base: 0x00000000, Load base: 0x00000000, Size: 0x00005bf8, Max: 0x00020000, ABSOLUTE)

    Exec Addr    Load Addr    Size         Type   Attr      Idx    E Section Name        Object

    0x00000000   0x00000000   0x000000c0   Data   RO         2879    RESET               startup_bat32a237.o
    0x000000c0   0x000000c0   0x00000004   Data   RO         2890    .ARM.__AT_0x000000C0  system_bat32a237.o
    0x000000c4   0x000000c4   0x00000008   Code   RO         3371  * !!!main             c_p.l(__main.o)
    0x000000cc   0x000000cc   0x0000003c   Code   RO         3570    !!!scatter          c_p.l(__scatter.o)
    0x00000108   0x00000108   0x0000001c   Code   RO         3572    !!handler_zi        c_p.l(__scatter_zi.o)
    0x00000124   0x00000124   0x00000002   Code   RO         3433    .ARM.Collect$$libinit$$00000000  c_p.l(libinit.o)
    0x00000126   0x00000126   0x00000000   Code   RO         3449    .ARM.Collect$$libinit$$00000002  c_p.l(libinit2.o)
    0x00000126   0x00000126   0x00000000   Code   RO         3451    .ARM.Collect$$libinit$$00000004  c_p.l(libinit2.o)
    0x00000126   0x00000126   0x00000000   Code   RO         3454    .ARM.Collect$$libinit$$0000000A  c_p.l(libinit2.o)
    0x00000126   0x00000126   0x00000000   Code   RO         3456    .ARM.Collect$$libinit$$0000000C  c_p.l(libinit2.o)
    0x00000126   0x00000126   0x00000000   Code   RO         3458    .ARM.Collect$$libinit$$0000000E  c_p.l(libinit2.o)
    0x00000126   0x00000126   0x00000000   Code   RO         3461    .ARM.Collect$$libinit$$00000011  c_p.l(libinit2.o)
    0x00000126   0x00000126   0x00000000   Code   RO         3463    .ARM.Collect$$libinit$$00000013  c_p.l(libinit2.o)
    0x00000126   0x00000126   0x00000000   Code   RO         3465    .ARM.Collect$$libinit$$00000015  c_p.l(libinit2.o)
    0x00000126   0x00000126   0x00000000   Code   RO         3467    .ARM.Collect$$libinit$$00000017  c_p.l(libinit2.o)
    0x00000126   0x00000126   0x00000000   Code   RO         3469    .ARM.Collect$$libinit$$00000019  c_p.l(libinit2.o)
    0x00000126   0x00000126   0x00000000   Code   RO         3471    .ARM.Collect$$libinit$$0000001B  c_p.l(libinit2.o)
    0x00000126   0x00000126   0x00000000   Code   RO         3473    .ARM.Collect$$libinit$$0000001D  c_p.l(libinit2.o)
    0x00000126   0x00000126   0x00000000   Code   RO         3475    .ARM.Collect$$libinit$$0000001F  c_p.l(libinit2.o)
    0x00000126   0x00000126   0x00000000   Code   RO         3477    .ARM.Collect$$libinit$$00000021  c_p.l(libinit2.o)
    0x00000126   0x00000126   0x00000000   Code   RO         3479    .ARM.Collect$$libinit$$00000023  c_p.l(libinit2.o)
    0x00000126   0x00000126   0x00000000   Code   RO         3481    .ARM.Collect$$libinit$$00000025  c_p.l(libinit2.o)
    0x00000126   0x00000126   0x00000000   Code   RO         3485    .ARM.Collect$$libinit$$0000002C  c_p.l(libinit2.o)
    0x00000126   0x00000126   0x00000000   Code   RO         3487    .ARM.Collect$$libinit$$0000002E  c_p.l(libinit2.o)
    0x00000126   0x00000126   0x00000000   Code   RO         3489    .ARM.Collect$$libinit$$00000030  c_p.l(libinit2.o)
    0x00000126   0x00000126   0x00000000   Code   RO         3491    .ARM.Collect$$libinit$$00000032  c_p.l(libinit2.o)
    0x00000126   0x00000126   0x00000002   Code   RO         3492    .ARM.Collect$$libinit$$00000033  c_p.l(libinit2.o)
    0x00000128   0x00000128   0x00000002   Code   RO         3523    .ARM.Collect$$libshutdown$$00000000  c_p.l(libshutdown.o)
    0x0000012a   0x0000012a   0x00000000   Code   RO         3549    .ARM.Collect$$libshutdown$$00000002  c_p.l(libshutdown2.o)
    0x0000012a   0x0000012a   0x00000000   Code   RO         3551    .ARM.Collect$$libshutdown$$00000004  c_p.l(libshutdown2.o)
    0x0000012a   0x0000012a   0x00000000   Code   RO         3553    .ARM.Collect$$libshutdown$$00000006  c_p.l(libshutdown2.o)
    0x0000012a   0x0000012a   0x00000000   Code   RO         3556    .ARM.Collect$$libshutdown$$00000009  c_p.l(libshutdown2.o)
    0x0000012a   0x0000012a   0x00000000   Code   RO         3559    .ARM.Collect$$libshutdown$$0000000C  c_p.l(libshutdown2.o)
    0x0000012a   0x0000012a   0x00000000   Code   RO         3561    .ARM.Collect$$libshutdown$$0000000E  c_p.l(libshutdown2.o)
    0x0000012a   0x0000012a   0x00000000   Code   RO         3564    .ARM.Collect$$libshutdown$$00000011  c_p.l(libshutdown2.o)
    0x0000012a   0x0000012a   0x00000002   Code   RO         3565    .ARM.Collect$$libshutdown$$00000012  c_p.l(libshutdown2.o)
    0x0000012c   0x0000012c   0x00000000   Code   RO         3386    .ARM.Collect$$rtentry$$00000000  c_p.l(__rtentry.o)
    0x0000012c   0x0000012c   0x00000000   Code   RO         3397    .ARM.Collect$$rtentry$$00000002  c_p.l(__rtentry2.o)
    0x0000012c   0x0000012c   0x00000006   Code   RO         3409    .ARM.Collect$$rtentry$$00000004  c_p.l(__rtentry4.o)
    0x00000132   0x00000132   0x00000000   Code   RO         3399    .ARM.Collect$$rtentry$$00000009  c_p.l(__rtentry2.o)
    0x00000132   0x00000132   0x00000004   Code   RO         3400    .ARM.Collect$$rtentry$$0000000A  c_p.l(__rtentry2.o)
    0x00000136   0x00000136   0x00000000   Code   RO         3402    .ARM.Collect$$rtentry$$0000000C  c_p.l(__rtentry2.o)
    0x00000136   0x00000136   0x00000008   Code   RO         3403    .ARM.Collect$$rtentry$$0000000D  c_p.l(__rtentry2.o)
    0x0000013e   0x0000013e   0x00000002   Code   RO         3440    .ARM.Collect$$rtexit$$00000000  c_p.l(rtexit.o)
    0x00000140   0x00000140   0x00000000   Code   RO         3496    .ARM.Collect$$rtexit$$00000002  c_p.l(rtexit2.o)
    0x00000140   0x00000140   0x00000004   Code   RO         3497    .ARM.Collect$$rtexit$$00000003  c_p.l(rtexit2.o)
    0x00000144   0x00000144   0x00000006   Code   RO         3498    .ARM.Collect$$rtexit$$00000004  c_p.l(rtexit2.o)
    0x0000014a   0x0000014a   0x00000002   PAD
    0x0000014c   0x0000014c   0x00000038   Code   RO         3357    .emb_text           c_p.l(rt_memcpy.o)
    0x00000184   0x00000184   0x00000080   Code   RO         2880    .text               startup_bat32a237.o
    0x00000204   0x00000204   0x00000082   Code   RO         3358    .text               c_p.l(rt_memcpy.o)
    0x00000286   0x00000286   0x00000012   Code   RO         3361    .text               c_p.l(aeabi_memset.o)
    0x00000298   0x00000298   0x00000040   Code   RO         3363    .text               c_p.l(rt_memclr.o)
    0x000002d8   0x000002d8   0x0000015a   Code   RO         3365    .text               c_p.l(aeabi_sdiv.o)
    0x00000432   0x00000432   0x00000006   Code   RO         3369    .text               c_p.l(heapauxi.o)
    0x00000438   0x00000438   0x00000054   Code   RO         3375    .text               fz_ps.l(f2d.o)
    0x0000048c   0x0000048c   0x00000160   Code   RO         3377    .text               fz_ps.l(fdiv.o)
    0x000005ec   0x000005ec   0x0000005e   Code   RO         3380    .text               fz_ps.l(fflti.o)
    0x0000064a   0x0000064a   0x00000002   PAD
    0x0000064c   0x0000064c   0x00000090   Code   RO         3391    .text               fz_ps.l(dcmpin.o)
    0x000006dc   0x000006dc   0x00000064   Code   RO         3393    .text               fz_ps.l(fcmpin.o)
    0x00000740   0x00000740   0x0000002e   Code   RO         3413    .text               fz_ps.l(cmpret.o)
    0x0000076e   0x0000076e   0x00000002   PAD
    0x00000770   0x00000770   0x00000014   Code   RO         3415    .text               fz_ps.l(dnan2.o)
    0x00000784   0x00000784   0x00000010   Code   RO         3417    .text               fz_ps.l(fnan2.o)
    0x00000794   0x00000794   0x0000003e   Code   RO         3419    .text               c_p.l(sys_stackheap_outer.o)
    0x000007d2   0x000007d2   0x00000010   Code   RO         3422    .text               c_p.l(exit.o)
    0x000007e2   0x000007e2   0x0000005e   Code   RO         3434    .text               fz_ps.l(retnan.o)
    0x00000840   0x00000840   0x00000008   Code   RO         3436    .text               c_p.l(libspace.o)
    0x00000848   0x00000848   0x0000000c   Code   RO         3493    .text               c_p.l(sys_exit.o)
    0x00000854   0x00000854   0x00000002   Code   RO         3512    .text               c_p.l(use_no_semi.o)
    0x00000856   0x00000856   0x00000000   Code   RO         3514    .text               c_p.l(indicate_semi.o)
    0x00000856   0x00000856   0x00000056   Code   RO         3568    .text               c_p.l(__dczerorl2.o)
    0x000008ac   0x000008ac   0x0000008c   Code   RO         1106    i.ADC_Converse      adc.o
    0x00000938   0x00000938   0x0000010c   Code   RO         1108    i.ADC_Init          adc.o
    0x00000a44   0x00000a44   0x00000030   Code   RO         1112    i.ADC_Stop          adc.o
    0x00000a74   0x00000a74   0x00000070   Code   RO          223    i.Alloc_ChannelFlag  sci_common.o
    0x00000ae4   0x00000ae4   0x00000138   Code   RO         1069    i.Analog_Task1ms    analog.o
    0x00000c1c   0x00000c1c   0x0000002c   Code   RO         1070    i.Analog_getValue   analog.o
    0x00000c48   0x00000c48   0x00000014   Code   RO         2931    i.AppMemset         udslib.a(uds_app.o)
    0x00000c5c   0x00000c5c   0x00000098   Code   RO         1412    i.BootInit          bootcfg.o
    0x00000cf4   0x00000cf4   0x00000050   Code   RO         1413    i.BootMonitor       bootcfg.o
    0x00000d44   0x00000d44   0x00000088   Code   RO          439    i.CGC_Osc_Setting   cgc.o
    0x00000dcc   0x00000dcc   0x00000060   Code   RO          440    i.CGC_PER0PeriphClockCmd  cgc.o
    0x00000e2c   0x00000e2c   0x00000060   Code   RO          441    i.CGC_PER1PeriphClockCmd  cgc.o
    0x00000e8c   0x00000e8c   0x000000ac   Code   RO         2886    i.CLK_GetCoreFreq   system_bat32a237.o
    0x00000f38   0x00000f38   0x0000002c   Code   RO         1987    i.Cal_CrcCal        cal.o
    0x00000f64   0x00000f64   0x00000008   Code   RO         1988    i.Cal_CrcFinalize   cal.o
    0x00000f6c   0x00000f6c   0x00000008   Code   RO         1989    i.Cal_CrcInit       cal.o
    0x00000f74   0x00000f74   0x0000000c   Code   RO         3271    i.ClearRxMsgReadlly  udslib.a(uds_lin_tp.o)
    0x00000f80   0x00000f80   0x00000046   Code   RO         2932    i.CommunicationControl  udslib.a(uds_app.o)
    0x00000fc6   0x00000fc6   0x00000044   Code   RO         2933    i.ControlDTCSetting  udslib.a(uds_app.o)
    0x0000100a   0x0000100a   0x00000002   PAD
    0x0000100c   0x0000100c   0x00000014   Code   RO         2934    i.Dcm_GetSecurityTimerExpired  udslib.a(uds_app.o)
    0x00001020   0x00001020   0x00000018   Code   RO         2935    i.Dcm_SecurityTimerCheck  udslib.a(uds_app.o)
    0x00001038   0x00001038   0x0000000c   Code   RO         2936    i.Dcm_StartSecurityTimer  udslib.a(uds_app.o)
    0x00001044   0x00001044   0x00000098   Code   RO         2937    i.DigSession        udslib.a(uds_app.o)
    0x000010dc   0x000010dc   0x00000008   Code   RO          982    i.EcuM_AL_DriverInit  ecum_callout_stubs.o
    0x000010e4   0x000010e4   0x00000008   Code   RO          983    i.EcuM_AL_SwitchOff  ecum_callout_stubs.o
    0x000010ec   0x000010ec   0x00000050   Code   RO          905    i.EcuM_Init         ecum.o
    0x0000113c   0x0000113c   0x0000003c   Code   RO          906    i.EcuM_MainFunction_10ms  ecum.o
    0x00001178   0x00001178   0x00000038   Code   RO         1414    i.EraseAllApp       bootcfg.o
    0x000011b0   0x000011b0   0x00000016   Code   RO         1415    i.EraseOneSector    bootcfg.o
    0x000011c6   0x000011c6   0x0000003a   Code   RO         1416    i.FlashCheckSum     bootcfg.o
    0x00001200   0x00001200   0x00000006   Code   RO         1417    i.FlashReadOneByte  bootcfg.o
    0x00001206   0x00001206   0x00000028   Code   RO         1418    i.FlashWriteMultiByte  bootcfg.o
    0x0000122e   0x0000122e   0x00000002   PAD
    0x00001230   0x00001230   0x0000004c   Code   RO         1419    i.FlashWriteOneByte  bootcfg.o
    0x0000127c   0x0000127c   0x00000030   Code   RO         2938    i.Flash_InitDowloadInfo  udslib.a(uds_app.o)
    0x000012ac   0x000012ac   0x00000250   Code   RO          545    i.GPIO_Init         gpio.o
    0x000014fc   0x000014fc   0x000000dc   Code   RO          548    i.GPIO_PinAFConfig  gpio.o
    0x000015d8   0x000015d8   0x00000066   Code   RO          549    i.GPIO_PinCheck     gpio.o
    0x0000163e   0x0000163e   0x00000002   PAD
    0x00001640   0x00001640   0x000000b8   Code   RO          552    i.GPIO_ReadInputDataBit  gpio.o
    0x000016f8   0x000016f8   0x00000098   Code   RO          554    i.GPIO_ResetBits    gpio.o
    0x00001790   0x00001790   0x00000098   Code   RO          555    i.GPIO_SetBits      gpio.o
    0x00001828   0x00001828   0x00000184   Code   RO          556    i.GPIO_SetPIOR      gpio.o
    0x000019ac   0x000019ac   0x00000098   Code   RO          558    i.GPIO_ToggleBits   gpio.o
    0x00001a44   0x00001a44   0x00000010   Code   RO         2939    i.GetUDSServiceInfo  udslib.a(uds_app.o)
    0x00001a54   0x00001a54   0x0000000c   Code   RO         2940    i.GetUdsS3ServerTime  udslib.a(uds_app.o)
    0x00001a60   0x00001a60   0x00000004   Code   RO         1522    i.HardFault_Handler  debug.o
    0x00001a64   0x00001a64   0x00000110   Code   RO           66    i.INTP_Init         intp.o
    0x00001b74   0x00001b74   0x000000f8   Code   RO           67    i.INTP_Start        intp.o
    0x00001c6c   0x00001c6c   0x00000010   Code   RO         1174    i.IRQ00_Handler     isr.o
    0x00001c7c   0x00001c7c   0x00000030   Code   RO         1175    i.IRQ01_Handler     isr.o
    0x00001cac   0x00001cac   0x00000030   Code   RO         1176    i.IRQ02_Handler     isr.o
    0x00001cdc   0x00001cdc   0x00000030   Code   RO         1177    i.IRQ03_Handler     isr.o
    0x00001d0c   0x00001d0c   0x00000030   Code   RO         1178    i.IRQ04_Handler     isr.o
    0x00001d3c   0x00001d3c   0x00000030   Code   RO         1179    i.IRQ05_Handler     isr.o
    0x00001d6c   0x00001d6c   0x00000030   Code   RO         1180    i.IRQ06_Handler     isr.o
    0x00001d9c   0x00001d9c   0x00000010   Code   RO         1181    i.IRQ07_Handler     isr.o
    0x00001dac   0x00001dac   0x00000010   Code   RO         1182    i.IRQ08_Handler     isr.o
    0x00001dbc   0x00001dbc   0x00000034   Code   RO         1183    i.IRQ09_Handler     isr.o
    0x00001df0   0x00001df0   0x00000014   Code   RO         1184    i.IRQ10_Handler     isr.o
    0x00001e04   0x00001e04   0x00000010   Code   RO         1185    i.IRQ11_Handler     isr.o
    0x00001e14   0x00001e14   0x00000034   Code   RO         1186    i.IRQ12_Handler     isr.o
    0x00001e48   0x00001e48   0x00000010   Code   RO         1187    i.IRQ13_Handler     isr.o
    0x00001e58   0x00001e58   0x00000010   Code   RO         1188    i.IRQ14_Handler     isr.o
    0x00001e68   0x00001e68   0x00000034   Code   RO         1189    i.IRQ15_Handler     isr.o
    0x00001e9c   0x00001e9c   0x00000030   Code   RO         1190    i.IRQ16_Handler     isr.o
    0x00001ecc   0x00001ecc   0x00000010   Code   RO         1191    i.IRQ17_Handler     isr.o
    0x00001edc   0x00001edc   0x00000010   Code   RO         1192    i.IRQ18_Handler     isr.o
    0x00001eec   0x00001eec   0x00000010   Code   RO         1193    i.IRQ19_Handler     isr.o
    0x00001efc   0x00001efc   0x00000010   Code   RO         1194    i.IRQ20_Handler     isr.o
    0x00001f0c   0x00001f0c   0x00000010   Code   RO         1195    i.IRQ21_Handler     isr.o
    0x00001f1c   0x00001f1c   0x00000034   Code   RO         1196    i.IRQ22_Handler     isr.o
    0x00001f50   0x00001f50   0x00000034   Code   RO         1197    i.IRQ23_Handler     isr.o
    0x00001f84   0x00001f84   0x00000030   Code   RO         1198    i.IRQ24_Handler     isr.o
    0x00001fb4   0x00001fb4   0x00000034   Code   RO         1199    i.IRQ25_Handler     isr.o
    0x00001fe8   0x00001fe8   0x00000010   Code   RO         1200    i.IRQ26_Handler     isr.o
    0x00001ff8   0x00001ff8   0x00000010   Code   RO         1201    i.IRQ27_Handler     isr.o
    0x00002008   0x00002008   0x00000010   Code   RO         1202    i.IRQ28_Handler     isr.o
    0x00002018   0x00002018   0x00000010   Code   RO         1203    i.IRQ29_Handler     isr.o
    0x00002028   0x00002028   0x00000010   Code   RO         1204    i.IRQ30_Handler     isr.o
    0x00002038   0x00002038   0x00000010   Code   RO         1205    i.IRQ31_Handler     isr.o
    0x00002048   0x00002048   0x000000a4   Code   RO         1206    i.ISR_Register      isr.o
    0x000020ec   0x000020ec   0x00000004   Code   RO         1207    i.IntDefaultHandler  isr.o
    0x000020f0   0x000020f0   0x00000024   Code   RO         1741    i.Intp_Init         intp_drv.o
    0x00002114   0x00002114   0x00000078   Code   RO         2941    i.IsCheckRoutineControlRight  udslib.a(uds_app.o)
    0x0000218c   0x0000218c   0x0000000e   Code   RO         2942    i.IsCheckSumRoutineControlResult  udslib.a(uds_app.o)
    0x0000219a   0x0000219a   0x0000000e   Code   RO         2943    i.IsCheckSumRoutineControlStart  udslib.a(uds_app.o)
    0x000021a8   0x000021a8   0x00000020   Code   RO         2945    i.IsCurRxIdCanRequest  udslib.a(uds_app.o)
    0x000021c8   0x000021c8   0x0000001c   Code   RO         2946    i.IsCurSecurityLevelRequet  udslib.a(uds_app.o)
    0x000021e4   0x000021e4   0x00000020   Code   RO         2947    i.IsCurSeesionCanRequest  udslib.a(uds_app.o)
    0x00002204   0x00002204   0x0000001a   Code   RO         2948    i.IsDownloadDataAddrValid  udslib.a(uds_app.o)
    0x0000221e   0x0000221e   0x00000012   Code   RO         2949    i.IsDownloadDataLenValid  udslib.a(uds_app.o)
    0x00002230   0x00002230   0x0000000e   Code   RO         2950    i.IsEraseMemoryRoutineControlResult  udslib.a(uds_app.o)
    0x0000223e   0x0000223e   0x0000000e   Code   RO         2951    i.IsEraseMemoryRoutineControlStart  udslib.a(uds_app.o)
    0x0000224c   0x0000224c   0x0000003c   Code   RO         2952    i.IsReceivedKeyRight  udslib.a(uds_app.o)
    0x00002288   0x00002288   0x0000000c   Code   RO         3273    i.IsRxMsgReally     udslib.a(uds_lin_tp.o)
    0x00002294   0x00002294   0x00000020   Code   RO         2953    i.IsS3ServerTimeout  udslib.a(uds_app.o)
    0x000022b4   0x000022b4   0x0000017c   Code   RO         3275    i.LINTP_DriverWriteDataInLINTP  udslib.a(uds_lin_tp.o)
    0x00002430   0x00002430   0x00000034   Code   RO         3276    i.LINTP_RxMsg       udslib.a(uds_lin_tp.o)
    0x00002464   0x00002464   0x00000098   Code   RO         3277    i.LINTP_TxMsg       udslib.a(uds_lin_tp.o)
    0x000024fc   0x000024fc   0x00000030   Code   RO          658    i.LIN_Receive       lin_protocol.o
    0x0000252c   0x0000252c   0x00000040   Code   RO          659    i.LIN_ReceiveBreak  lin_protocol.o
    0x0000256c   0x0000256c   0x00000018   Code   RO          661    i.LIN_Send          lin_protocol.o
    0x00002584   0x00002584   0x00000088   Code   RO          662    i.LIN_SetConfig     lin_protocol.o
    0x0000260c   0x0000260c   0x00000022   Code   RO          663    i.LIN_SleepIO_Init  lin_protocol.o
    0x0000262e   0x0000262e   0x00000002   PAD
    0x00002630   0x00002630   0x000001ec   Code   RO          664    i.LinMainFun        lin_protocol.o
    0x0000281c   0x0000281c   0x00000034   Code   RO          665    i.LinSlaverRespond  lin_protocol.o
    0x00002850   0x00002850   0x00000032   Code   RO          666    i.Lin_CheckPID      lin_protocol.o
    0x00002882   0x00002882   0x00000078   Code   RO          667    i.Lin_Checksum      lin_protocol.o
    0x000028fa   0x000028fa   0x00000030   Code   RO         1008    i.MCU_Config        mcu.o
    0x0000292a   0x0000292a   0x0000000c   Code   RO         1009    i.MCU_Interrupt_Config  mcu.o
    0x00002936   0x00002936   0x00000002   PAD
    0x00002938   0x00002938   0x00000124   Code   RO         2090    i.Massage_ModeX     massage.o
    0x00002a5c   0x00002a5c   0x00000038   Code   RO         2091    i.Massage_SolenoidManage  massage.o
    0x00002a94   0x00002a94   0x00000118   Code   RO         2092    i.Massage_modeManage  massage.o
    0x00002bac   0x00002bac   0x00000110   Code   RO         2093    i.Massage_pulse     massage.o
    0x00002cbc   0x00002cbc   0x0000000a   Code   RO         2094    i.Massage_task10ms  massage.o
    0x00002cc6   0x00002cc6   0x00000002   PAD
    0x00002cc8   0x00002cc8   0x00000134   Code   RO         2095    i.Massage_wave      massage.o
    0x00002dfc   0x00002dfc   0x0000000c   Code   RO         1010    i.Mcu_PORTConfig_Init  mcu.o
    0x00002e08   0x00002e08   0x00000090   Code   RO         1011    i.Mcu_PortInput_Init  mcu.o
    0x00002e98   0x00002e98   0x000000ba   Code   RO         1012    i.Mcu_PortOutput_Init  mcu.o
    0x00002f52   0x00002f52   0x00000002   PAD
    0x00002f54   0x00002f54   0x0000006c   Code   RO         1013    i.Mcu_SystemClock_Init  mcu.o
    0x00002fc0   0x00002fc0   0x00000020   Code   RO          668    i.OverTimeTask      lin_protocol.o
    0x00002fe0   0x00002fe0   0x00000094   Code   RO         2954    i.ReadDataByIdentifier  udslib.a(uds_app.o)
    0x00003074   0x00003074   0x00000054   Code   RO         1420    i.ReflashWorkMode   bootcfg.o
    0x000030c8   0x000030c8   0x000000dc   Code   RO         2955    i.RequestDownload   udslib.a(uds_app.o)
    0x000031a4   0x000031a4   0x0000000c   Code   RO         2956    i.RequestTransferExit  udslib.a(uds_app.o)
    0x000031b0   0x000031b0   0x0000005c   Code   RO         2957    i.ResetECU          udslib.a(uds_app.o)
    0x0000320c   0x0000320c   0x00000038   Code   RO         1421    i.ResetMcu          bootcfg.o
    0x00003244   0x00003244   0x00000020   Code   RO         1422    i.ResetMonitor      bootcfg.o
    0x00003264   0x00003264   0x0000001c   Code   RO         2958    i.RestartS3Server   udslib.a(uds_app.o)
    0x00003280   0x00003280   0x0000019c   Code   RO         2959    i.RoutineControl    udslib.a(uds_app.o)
    0x0000341c   0x0000341c   0x00000010   Code   RO         2215    i.Rte_10ms_Task_A   rte.o
    0x0000342c   0x0000342c   0x00000008   Code   RO         2216    i.Rte_10ms_Task_B   rte.o
    0x00003434   0x00003434   0x00000008   Code   RO         2217    i.Rte_10ms_Task_C   rte.o
    0x0000343c   0x0000343c   0x00000002   Code   RO         2218    i.Rte_10ms_Task_D   rte.o
    0x0000343e   0x0000343e   0x00000002   Code   RO         2219    i.Rte_10ms_Task_E   rte.o
    0x00003440   0x00003440   0x0000001c   Code   RO         2220    i.Rte_1ms_Task      rte.o
    0x0000345c   0x0000345c   0x00000002   Code   RO         2221    i.Rte_2ms_Task      rte.o
    0x0000345e   0x0000345e   0x00000002   PAD
    0x00003460   0x00003460   0x00000048   Code   RO         2222    i.Rte_IncrementCounter  rte.o
    0x000034a8   0x000034a8   0x00000014   Code   RO         2223    i.Rte_Init          rte.o
    0x000034bc   0x000034bc   0x0000000c   Code   RO         2224    i.Rte_Start         rte.o
    0x000034c8   0x000034c8   0x0000000c   Code   RO         2225    i.Rte_Stop          rte.o
    0x000034d4   0x000034d4   0x00000030   Code   RO         2226    i.Rte_TaskPolling   rte.o
    0x00003504   0x00003504   0x000000a4   Code   RO          225    i.SCIChannel_Alloca  sci_common.o
    0x000035a8   0x000035a8   0x000000f8   Code   RO          227    i.SCIPeriphal_ClockUpdate  sci_common.o
    0x000036a0   0x000036a0   0x00000148   Code   RO          230    i.SCI_GetErrStaus   sci_common.o
    0x000037e8   0x000037e8   0x00000014   Code   RO          231    i.SCI_GetFlagStatus  sci_common.o
    0x000037fc   0x000037fc   0x0000003c   Code   RO         2020    i.SecM_ComputeCRC   secm.o
    0x00003838   0x00003838   0x000000e0   Code   RO         2960    i.SecurityAccess    udslib.a(uds_app.o)
    0x00003918   0x00003918   0x0000000c   Code   RO         2961    i.SetCurrentSession  udslib.a(uds_app.o)
    0x00003924   0x00003924   0x0000002c   Code   RO         2962    i.SetNegativeErroCode  udslib.a(uds_app.o)
    0x00003950   0x00003950   0x0000000c   Code   RO         2963    i.SetSecurityLevel  udslib.a(uds_app.o)
    0x0000395c   0x0000395c   0x00000010   Code   RO         2964    i.SubUdsS3ServerTime  udslib.a(uds_app.o)
    0x0000396c   0x0000396c   0x00000020   Code   RO         1208    i.SysTick_Handler   isr.o
    0x0000398c   0x0000398c   0x00000010   Code   RO         2888    i.SystemCoreClockUpdate  system_bat32a237.o
    0x0000399c   0x0000399c   0x00000094   Code   RO         2889    i.SystemInit        system_bat32a237.o
    0x00003a30   0x00003a30   0x00000048   Code   RO         1571    i.TIMER_HAL_1msPeriod  timer_hal.o
    0x00003a78   0x00003a78   0x0000000a   Code   RO         1572    i.TIMER_HAL_GetTimerTickCnt  timer_hal.o
    0x00003a82   0x00003a82   0x00000002   PAD
    0x00003a84   0x00003a84   0x00000030   Code   RO         1573    i.TIMER_HAL_Init    timer_hal.o
    0x00003ab4   0x00003ab4   0x00000088   Code   RO          317    i.TIM_SetCounter    tim.o
    0x00003b3c   0x00003b3c   0x00000058   Code   RO          318    i.TIM_Start         tim.o
    0x00003b94   0x00003b94   0x00000058   Code   RO          319    i.TIM_Stop          tim.o
    0x00003bec   0x00003bec   0x00000214   Code   RO         1946    i.TMA_Init          tima.o
    0x00003e00   0x00003e00   0x00000014   Code   RO         1947    i.TMA_Start         tima.o
    0x00003e14   0x00003e14   0x0000001a   Code   RO         3280    i.TP_DriverWriteDataInTP  udslib.a(uds_lin_tp.o)
    0x00003e2e   0x00003e2e   0x00000038   Code   RO         2965    i.TesterPresent     udslib.a(uds_app.o)
    0x00003e66   0x00003e66   0x00000002   PAD
    0x00003e68   0x00003e68   0x00000090   Code   RO          320    i.Tim_RegSetting    tim.o
    0x00003ef8   0x00003ef8   0x000000a8   Code   RO         2966    i.TransferData      udslib.a(uds_app.o)
    0x00003fa0   0x00003fa0   0x00000250   Code   RO          110    i.UART0_Init        uart.o
    0x000041f0   0x000041f0   0x000002a8   Code   RO          111    i.UART1_Init        uart.o
    0x00004498   0x00004498   0x00000270   Code   RO          112    i.UART2_Init        uart.o
    0x00004708   0x00004708   0x00000070   Code   RO          116    i.UART_GetErrStaus  uart.o
    0x00004778   0x00004778   0x00000020   Code   RO          118    i.UART_GetSysClock  uart.o
    0x00004798   0x00004798   0x0000010c   Code   RO          119    i.UART_Init         uart.o
    0x000048a4   0x000048a4   0x00000010   Code   RO         1617    i.UDS_ALG_HAL_AddSWTimerTickCnt  uds_alg_hal.o
    0x000048b4   0x000048b4   0x0000001c   Code   RO         1620    i.UDS_ALG_HAL_GetKey  uds_alg_hal.o
    0x000048d0   0x000048d0   0x0000007c   Code   RO         1621    i.UDS_ALG_HAL_GetRandom  uds_alg_hal.o
    0x0000494c   0x0000494c   0x00000140   Code   RO         2968    i.UDS_MainFun       udslib.a(uds_app.o)
    0x00004a8c   0x00004a8c   0x00000016   Code   RO         2969    i.UDS_SystemTickCtl  udslib.a(uds_app.o)
    0x00004aa2   0x00004aa2   0x00000002   PAD
    0x00004aa4   0x00004aa4   0x000000c0   Code   RO         1815    i.Uart0_Init        uart_drv.o
    0x00004b64   0x00004b64   0x000000a0   Code   RO         2970    i.Uds_FlashControlMain  udslib.a(uds_app.o)
    0x00004c04   0x00004c04   0x0000000c   Code   RO          808    i.WDT_Restart       wdt.o
    0x00004c10   0x00004c10   0x00000002   Code   RO         2971    i.WriteDataByIdentifier  udslib.a(uds_app.o)
    0x00004c12   0x00004c12   0x0000001c   Code   RO          772    i.__ARM_common_switch8  lin_protocol.o
    0x00004c2e   0x00004c2e   0x00000002   PAD
    0x00004c30   0x00004c30   0x00000018   Code   RO         1113    i.__NVIC_ClearPendingIRQ  adc.o
    0x00004c48   0x00004c48   0x00000078   Code   RO          669    i.__NVIC_SetPriority  lin_protocol.o
    0x00004cc0   0x00004cc0   0x00000078   Code   RO         1014    i.__NVIC_SetPriority  mcu.o
    0x00004d38   0x00004d38   0x00000002   Code   RO          559    i.assert_failed     gpio.o
    0x00004d3a   0x00004d3a   0x0000001e   Code   RO         2096    i.bag10out          massage.o
    0x00004d58   0x00004d58   0x00000020   Code   RO         2097    i.bag1out           massage.o
    0x00004d78   0x00004d78   0x00000020   Code   RO         2098    i.bag2out           massage.o
    0x00004d98   0x00004d98   0x00000020   Code   RO         2099    i.bag3out           massage.o
    0x00004db8   0x00004db8   0x00000020   Code   RO         2100    i.bag4out           massage.o
    0x00004dd8   0x00004dd8   0x00000020   Code   RO         2101    i.bag5out           massage.o
    0x00004df8   0x00004df8   0x0000001e   Code   RO         2102    i.bag6out           massage.o
    0x00004e16   0x00004e16   0x00000020   Code   RO         2103    i.bag7out           massage.o
    0x00004e36   0x00004e36   0x0000001e   Code   RO         2104    i.bag8out           massage.o
    0x00004e54   0x00004e54   0x00000020   Code   RO         2105    i.bag9out           massage.o
    0x00004e74   0x00004e74   0x00000034   Code   RO          832    i.delay1_us         delay.o
    0x00004ea8   0x00004ea8   0x0000000c   Code   RO         1675    i.delayMS           delay_drv.o
    0x00004eb4   0x00004eb4   0x0000001c   Code   RO          833    i.delay_init        delay.o
    0x00004ed0   0x00004ed0   0x00000028   Code   RO         1622    i.fsl_rand          uds_alg_hal.o
    0x00004ef8   0x00004ef8   0x00000010   Code   RO         1623    i.fsl_srand         uds_alg_hal.o
    0x00004f08   0x00004f08   0x00000018   Code   RO         1742    i.intp0_interrupt   intp_drv.o
    0x00004f20   0x00004f20   0x0000013c   Code   RO         2034    i.keyScan_InputProcess  keyscan.o
    0x0000505c   0x0000505c   0x00000008   Code   RO         2035    i.keyScan_Task10ms  keyscan.o
    0x00005064   0x00005064   0x00000002   Code   RO          670    i.lin_callback_error  lin_protocol.o
    0x00005066   0x00005066   0x0000001a   Code   RO          834    i.m0_delay_ms       delay.o
    0x00005080   0x00005080   0x0000000a   Code   RO            3    i.main              main.o
    0x0000508a   0x0000508a   0x00000006   Code   RO          233    i.sci_error_log_internal  sci_common.o
    0x00005090   0x00005090   0x000000e0   Code   RO          671    i.tim40_channel3_interrupt  lin_protocol.o
    0x00005170   0x00005170   0x000000b0   Code   RO          672    i.uart0_lin_receive  lin_protocol.o
    0x00005220   0x00005220   0x00000040   Code   RO          673    i.uart0_lin_send    lin_protocol.o
    0x00005260   0x00005260   0x00000250   Code   RO          879    ram_fetch_code      flash.o
    0x000054b0   0x000054b0   0x00000068   Code   RO         3373    x$fpl$drleqf        fz_ps.l(drlef.o)
    0x00005518   0x00005518   0x000000b0   Code   RO         3382    x$fpl$fmul          fz_ps.l(fmul.o)
    0x000055c8   0x000055c8   0x00000058   Code   RO         3384    x$fpl$frleqf        fz_ps.l(frlef.o)
    0x00005620   0x00005620   0x00000000   Code   RO         3395    x$fpl$usenofp       fz_ps.l(usenofp.o)
    0x00005620   0x00005620   0x00000020   Data   RO          234    .constdata          sci_common.o
    0x00005640   0x00005640   0x00000003   Data   RO         1071    .constdata          analog.o
    0x00005643   0x00005643   0x00000017   Data   RO         1423    .constdata          bootcfg.o
    0x0000565a   0x0000565a   0x00000002   PAD
    0x0000565c   0x0000565c   0x00000400   Data   RO         1990    .constdata          cal.o
    0x00005a5c   0x00005a5c   0x0000003c   Data   RO         2195    .constdata          massage_cfg.o
    0x00005a98   0x00005a98   0x0000005c   Data   RO         2311    .constdata          rte_cfg.o
    0x00005af4   0x00005af4   0x00000078   Data   RO         2973    .constdata          udslib.a(uds_app.o)
    0x00005b6c   0x00005b6c   0x0000002c   Data   RO         3282    .constdata          udslib.a(uds_lin_tp.o)
    0x00005b98   0x00005b98   0x00000040   Data   RO         3378    .constdata          fz_ps.l(fdiv.o)
    0x00005bd8   0x00005bd8   0x00000020   Data   RO         3566    Region$$Table       anon$$obj.o


    Execution Region RW_IRAM1 (Exec base: 0x20000000, Load base: 0x00005bf8, Size: 0x00001038, Max: 0x00003000, ABSOLUTE, COMPRESSED[0x00000158])

    Exec Addr    Load Addr    Size         Type   Attr      Idx    E Section Name        Object

    0x20000000   COMPRESSED   0x00000008   Data   RW          235    .data               sci_common.o
    0x20000008   COMPRESSED   0x00000004   Data   RW          444    .data               cgc.o
    0x2000000c   COMPRESSED   0x0000014a   Data   RW          560    .data               gpio.o
    0x20000156   COMPRESSED   0x00000002   PAD
    0x20000158   COMPRESSED   0x00000029   Data   RW          676    .data               lin_protocol.o
    0x20000181   COMPRESSED   0x00000001   Data   RW          836    .data               delay.o
    0x20000182   COMPRESSED   0x00000002   PAD
    0x20000184   COMPRESSED   0x00000004   Data   RW          880    .data               flash.o
    0x20000188   COMPRESSED   0x00000002   Data   RW          908    .data               ecum.o
    0x2000018a   COMPRESSED   0x00000032   Data   RW         1072    .data               analog.o
    0x200001bc   COMPRESSED   0x000002bc   Data   RW         1210    .data               isr.o
    0x20000478   COMPRESSED   0x0000000d   Data   RW         1424    .data               bootcfg.o
    0x20000485   COMPRESSED   0x00000001   PAD
    0x20000486   COMPRESSED   0x00000004   Data   RW         1576    .data               timer_hal.o
    0x2000048a   COMPRESSED   0x00000002   PAD
    0x2000048c   COMPRESSED   0x00000008   Data   RW         1624    .data               uds_alg_hal.o
    0x20000494   COMPRESSED   0x00000001   Data   RW         1743    .data               intp_drv.o
    0x20000495   COMPRESSED   0x00000003   PAD
    0x20000498   COMPRESSED   0x0000005b   Data   RW         2106    .data               massage.o
    0x200004f3   COMPRESSED   0x00000001   PAD
    0x200004f4   COMPRESSED   0x00000008   Data   RW         2227    .data               rte.o
    0x200004fc   COMPRESSED   0x00000004   Data   RW         2891    .data               system_bat32a237.o
    0x20000500   COMPRESSED   0x00000034   Data   RW         2974    .data               udslib.a(uds_app.o)
    0x20000534   COMPRESSED   0x00000008   Data   RW         3283    .data               udslib.a(uds_lin_tp.o)
    0x2000053c        -       0x000000a0   Zero   RW          321    .bss                tim.o
    0x200005dc        -       0x0000001f   Zero   RW          674    .bss                lin_protocol.o
    0x200005fb   COMPRESSED   0x00000001   PAD
    0x200005fc        -       0x0000000c   Zero   RW         1209    .bss                isr.o
    0x20000608        -       0x00000028   Zero   RW         2039    .bss                keyscan.o
    0x20000630        -       0x0000000c   Zero   RW         2972    .bss                udslib.a(uds_app.o)
    0x2000063c        -       0x00000298   Zero   RW         3281    .bss                udslib.a(uds_lin_tp.o)
    0x200008d4        -       0x00000060   Zero   RW         3437    .bss                c_p.l(libspace.o)
    0x20000934   COMPRESSED   0x00000004   PAD
    0x20000938        -       0x00000100   Zero   RW         2878    HEAP                startup_bat32a237.o
    0x20000a38        -       0x00000600   Zero   RW         2877    STACK               startup_bat32a237.o


==============================================================================

Image component sizes


      Code (inc. data)   RO Data    RW Data    ZI Data      Debug   Object Name

       480         64          0          0          0      12113   adc.o
       356         20          3         50          0       2673   analog.o
       662         74         23         13          0      11026   bootcfg.o
        60          6       1024          0          0       2848   cal.o
       328         54          0          4          0       7502   cgc.o
         4          0          0          0          0        416   debug.o
       106         20          0          1          0       2003   delay.o
        12          0          0          0          0        478   delay_drv.o
       140         16          0          2          0       6662   ecum.o
        16          0          0          0          0        909   ecum_callout_stubs.o
       592         14          0          4          0       3535   flash.o
      1944        192          0        330          0       6616   gpio.o
       520         40          0          0          0       7345   intp.o
        60         16          0          1          0       1157   intp_drv.o
      1188        280          0        700         12      26184   isr.o
       324          6          0          0         40       2514   keyscan.o
      1666        264          0         41         31      23954   lin_protocol.o
        10          0          0          0          0      62291   main.o
      1532         70          0         91          0      10975   massage.o
         0          0         60          0          0       1277   massage_cfg.o
       630         28          0          0          0      16064   mcu.o
       230         32          0          8          0       5896   rte.o
         0          0         92          0          0        680   rte_cfg.o
       878        142         32          8          0       5713   sci_common.o
        60          0          0          0          0        950   secm.o
       128         28        192          0       1792       2116   startup_bat32a237.o
       336        100          4          4          0       2663   system_bat32a237.o
       456         86          0          0        160       6511   tim.o
       552         56          0          0          0       1571   tima.o
       130         16          0          4          0       1743   timer_hal.o
      2308        164          0          0          0      15967   uart.o
       192         40          0          0          0        765   uart_drv.o
       224         20          0          8          0       3460   uds_alg_hal.o
        12          4          0          0          0        390   wdt.o

    ----------------------------------------------------------------------
     16154       1852       1464       1280       2036     256967   Object Totals
         0          0         32          0          0          0   (incl. Generated)
        18          0          2         11          1          0   (incl. Padding)

    ----------------------------------------------------------------------

      Code (inc. data)   RO Data    RW Data    ZI Data      Debug   Library Member Name

        86          0          0          0          0          0   __dczerorl2.o
         8          0          0          0          0         68   __main.o
         0          0          0          0          0          0   __rtentry.o
        12          0          0          0          0          0   __rtentry2.o
         6          0          0          0          0          0   __rtentry4.o
        60          8          0          0          0          0   __scatter.o
        28          0          0          0          0          0   __scatter_zi.o
        18          0          0          0          0         68   aeabi_memset.o
       346          0          0          0          0         92   aeabi_sdiv.o
        16          0          0          0          0         68   exit.o
         6          0          0          0          0        136   heapauxi.o
         0          0          0          0          0          0   indicate_semi.o
         2          0          0          0          0          0   libinit.o
         2          0          0          0          0          0   libinit2.o
         2          0          0          0          0          0   libshutdown.o
         2          0          0          0          0          0   libshutdown2.o
         8          4          0          0         96         68   libspace.o
        64          0          0          0          0        108   rt_memclr.o
       186          0          0          0          0        144   rt_memcpy.o
         2          0          0          0          0          0   rtexit.o
        10          0          0          0          0          0   rtexit2.o
        12          4          0          0          0         60   sys_exit.o
        62          0          0          0          0         80   sys_stackheap_outer.o
         2          0          0          0          0         68   use_no_semi.o
        46          0          0          0          0         60   cmpret.o
       144          4          0          0          0         76   dcmpin.o
        20          6          0          0          0         68   dnan2.o
       104          4          0          0          0        104   drlef.o
        84          4          0          0          0         60   f2d.o
       100          4          0          0          0         68   fcmpin.o
       352         10         64          0          0         92   fdiv.o
        94          0          0          0          0         92   fflti.o
       176          4          0          0          0         80   fmul.o
        16          6          0          0          0         68   fnan2.o
        88          4          0          0          0         76   frlef.o
        94          0          0          0          0         68   retnan.o
         0          0          0          0          0          0   usenofp.o
      2794        244        120         52         12      33026   uds_app.o
       634         46         44          8        664       8211   uds_lin_tp.o

    ----------------------------------------------------------------------
      5698        352        228         60        776      43109   Library Totals
        12          0          0          0          4          0   (incl. Padding)

    ----------------------------------------------------------------------

      Code (inc. data)   RO Data    RW Data    ZI Data      Debug   Library Name

       940         16          0          0         96        960   c_p.l
      1318         46         64          0          0        912   fz_ps.l
      3428        290        164         60        676      41237   udslib.a

    ----------------------------------------------------------------------
      5698        352        228         60        776      43109   Library Totals

    ----------------------------------------------------------------------

==============================================================================


      Code (inc. data)   RO Data    RW Data    ZI Data      Debug   

     21852       2204       1692       1340       2812     290048   Grand Totals
     21852       2204       1692        344       2812     290048   ELF Image Totals (compressed)
     21852       2204       1692        344          0          0   ROM Totals

==============================================================================

    Total RO  Size (Code + RO Data)                23544 (  22.99kB)
    Total RW  Size (RW Data + ZI Data)              4152 (   4.05kB)
    Total ROM Size (Code + RO Data + RW Data)      23888 (  23.33kB)

==============================================================================

